Component: ARM Compiler 6.16 Tool: armlink [5dfeaa00]

==============================================================================

Section Cross References

    startup_stm32f407xx.o(RESET) refers to startup_stm32f407xx.o(STACK) for __initial_sp
    startup_stm32f407xx.o(RESET) refers to startup_stm32f407xx.o(.text) for Reset_Handler
    startup_stm32f407xx.o(RESET) refers to stm32f4xx_it.o(.text.NMI_Handler) for NMI_Handler
    startup_stm32f407xx.o(RESET) refers to stm32f4xx_it.o(.text.HardFault_Handler) for HardFault_Handler
    startup_stm32f407xx.o(RESET) refers to stm32f4xx_it.o(.text.MemManage_Handler) for MemManage_Handler
    startup_stm32f407xx.o(RESET) refers to stm32f4xx_it.o(.text.BusFault_Handler) for BusFault_Handler
    startup_stm32f407xx.o(RESET) refers to stm32f4xx_it.o(.text.UsageFault_Handler) for UsageFault_Handler
    startup_stm32f407xx.o(RESET) refers to stm32f4xx_it.o(.text.SVC_Handler) for SVC_Handler
    startup_stm32f407xx.o(RESET) refers to stm32f4xx_it.o(.text.DebugMon_Handler) for DebugMon_Handler
    startup_stm32f407xx.o(RESET) refers to stm32f4xx_it.o(.text.PendSV_Handler) for PendSV_Handler
    startup_stm32f407xx.o(RESET) refers to stm32f4xx_it.o(.text.SysTick_Handler) for SysTick_Handler
    startup_stm32f407xx.o(RESET) refers to stm32f4xx_it.o(.text.DMA1_Stream6_IRQHandler) for DMA1_Stream6_IRQHandler
    startup_stm32f407xx.o(RESET) refers to stm32f4xx_it.o(.text.TIM3_IRQHandler) for TIM3_IRQHandler
    startup_stm32f407xx.o(RESET) refers to stm32f4xx_it.o(.text.TIM4_IRQHandler) for TIM4_IRQHandler
    startup_stm32f407xx.o(RESET) refers to stm32f4xx_it.o(.text.USART2_IRQHandler) for USART2_IRQHandler
    startup_stm32f407xx.o(RESET) refers to stm32f4xx_it.o(.text.TIM6_DAC_IRQHandler) for TIM6_DAC_IRQHandler
    startup_stm32f407xx.o(RESET) refers to stm32f4xx_it.o(.text.DMA2_Stream2_IRQHandler) for DMA2_Stream2_IRQHandler
    startup_stm32f407xx.o(.text) refers to system_stm32f4xx.o(.text.SystemInit) for SystemInit
    startup_stm32f407xx.o(.text) refers to entry.o(.ARM.Collect$$$$00000000) for __main
    binary_support.o(.ARM.exidx.text.calcCRC) refers to binary_support.o(.text.calcCRC) for [Anonymous Symbol]
    binary_support.o(.ARM.exidx.text.LOW_BYTE) refers to binary_support.o(.text.LOW_BYTE) for [Anonymous Symbol]
    binary_support.o(.ARM.exidx.text.HIGH_BYTE) refers to binary_support.o(.text.HIGH_BYTE) for [Anonymous Symbol]
    binary_support.o(.ARM.exidx.text.uniq) refers to binary_support.o(.text.uniq) for [Anonymous Symbol]
    binary_support.o(.ARM.exidx.text.linearDeadZone) refers to binary_support.o(.text.linearDeadZone) for [Anonymous Symbol]
    binary_support.o(.ARM.exidx.text.constrain) refers to binary_support.o(.text.constrain) for [Anonymous Symbol]
    main.o(.text.main) refers to stm32f4xx_hal.o(.text.HAL_Init) for HAL_Init
    main.o(.text.main) refers to main.o(.text.SystemClock_Config) for SystemClock_Config
    main.o(.text.main) refers to gpio.o(.text.MX_GPIO_Init) for MX_GPIO_Init
    main.o(.text.main) refers to tim.o(.text.MX_TIM3_Init) for MX_TIM3_Init
    main.o(.text.main) refers to dma.o(.text.MX_DMA_Init) for MX_DMA_Init
    main.o(.text.main) refers to usart.o(.text.MX_USART1_UART_Init) for MX_USART1_UART_Init
    main.o(.text.main) refers to tim.o(.text.MX_TIM6_Init) for MX_TIM6_Init
    main.o(.text.main) refers to usart.o(.text.MX_USART2_UART_Init) for MX_USART2_UART_Init
    main.o(.text.main) refers to main.o(.bss.EncoderHandler) for EncoderHandler
    main.o(.text.main) refers to main.o(.text.EncoderDMA_NoSynchro) for EncoderDMA_NoSynchro
    main.o(.text.main) refers to usart.o(.bss.huart1) for huart1
    main.o(.text.main) refers to main.o(.bss.ring_buf_first) for ring_buf_first
    main.o(.text.main) refers to stm32f4xx_hal_uart.o(.text.HAL_UART_Receive_DMA) for HAL_UART_Receive_DMA
    main.o(.text.main) refers to tim.o(.text.TIM1_Init) for TIM1_Init
    main.o(.text.main) refers to tim.o(.text.TIM4_Init) for TIM4_Init
    main.o(.text.main) refers to main.o(.bss.test_command) for test_command
    main.o(.text.main) refers to stm32f4xx_it.o(.bss.freq_queue_pt) for freq_queue_pt
    main.o(.text.main) refers to main.o(.bss.freq_queue_pt_local) for freq_queue_pt_local
    main.o(.text.main) refers to usart.o(.bss.huart2) for huart2
    main.o(.text.main) refers to main.o(.bss.FREQ_queue) for FREQ_queue
    main.o(.text.main) refers to main.o(.bss.freq_loc) for freq_loc
    main.o(.text.main) refers to main.o(.bss.num_loc) for num_loc
    main.o(.text.main) refers to main.o(.bss.total_pack_num) for total_pack_num
    main.o(.text.main) refers to main.o(.bss.pt_loc) for pt_loc
    main.o(.text.main) refers to main.o(.text.Error_Handler) for Error_Handler
    main.o(.text.main) refers to main.o(.bss.UART_DMA_TxCommand) for UART_DMA_TxCommand
    main.o(.text.main) refers to binary_support.o(.text.calcCRC) for calcCRC
    main.o(.text.main) refers to main.o(.bss.crc) for crc
[...]
    Removing stm32f4xx_hal.o(.ARM.exidx.text.HAL_DBGMCU_DisableDBGSleepMode), (8 bytes).
    Removing stm32f4xx_hal.o(.text.HAL_DBGMCU_EnableDBGStopMode), (18 bytes).
    Removing stm32f4xx_hal.o(.ARM.exidx.text.HAL_DBGMCU_EnableDBGStopMode), (8 bytes).
    Removing stm32f4xx_hal.o(.text.HAL_DBGMCU_DisableDBGStopMode), (18 bytes).
    Removing stm32f4xx_hal.o(.ARM.exidx.text.HAL_DBGMCU_DisableDBGStopMode), (8 bytes).
    Removing stm32f4xx_hal.o(.text.HAL_DBGMCU_EnableDBGStandbyMode), (18 bytes).
    Removing stm32f4xx_hal.o(.ARM.exidx.text.HAL_DBGMCU_EnableDBGStandbyMode), (8 bytes).
    Removing stm32f4xx_hal.o(.text.HAL_DBGMCU_DisableDBGStandbyMode), (18 bytes).
    Removing stm32f4xx_hal.o(.ARM.exidx.text.HAL_DBGMCU_DisableDBGStandbyMode), (8 bytes).
    Removing stm32f4xx_hal.o(.text.HAL_EnableCompensationCell), (14 bytes).
    Removing stm32f4xx_hal.o(.ARM.exidx.text.HAL_EnableCompensationCell), (8 bytes).
    Removing stm32f4xx_hal.o(.text.HAL_DisableCompensationCell), (14 bytes).
    Removing stm32f4xx_hal.o(.ARM.exidx.text.HAL_DisableCompensationCell), (8 bytes).
    Removing stm32f4xx_hal.o(.text.HAL_GetUIDw0), (12 bytes).
    Removing stm32f4xx_hal.o(.ARM.exidx.text.HAL_GetUIDw0), (8 bytes).
    Removing stm32f4xx_hal.o(.text.HAL_GetUIDw1), (12 bytes).
    Removing stm32f4xx_hal.o(.ARM.exidx.text.HAL_GetUIDw1), (8 bytes).
    Removing stm32f4xx_hal.o(.text.HAL_GetUIDw2), (12 bytes).
    Removing stm32f4xx_hal.o(.ARM.exidx.text.HAL_GetUIDw2), (8 bytes).
    Removing stm32f4xx_hal_exti.o(.text), (0 bytes).
    Removing stm32f4xx_hal_exti.o(.text.HAL_EXTI_SetConfigLine), (358 bytes).
    Removing stm32f4xx_hal_exti.o(.ARM.exidx.text.HAL_EXTI_SetConfigLine), (8 bytes).
    Removing stm32f4xx_hal_exti.o(.text.HAL_EXTI_GetConfigLine), (266 bytes).
    Removing stm32f4xx_hal_exti.o(.ARM.exidx.text.HAL_EXTI_GetConfigLine), (8 bytes).
    Removing stm32f4xx_hal_exti.o(.text.HAL_EXTI_ClearConfigLine), (196 bytes).
    Removing stm32f4xx_hal_exti.o(.ARM.exidx.text.HAL_EXTI_ClearConfigLine), (8 bytes).
    Removing stm32f4xx_hal_exti.o(.text.HAL_EXTI_RegisterCallback), (48 bytes).
    Removing stm32f4xx_hal_exti.o(.ARM.exidx.text.HAL_EXTI_RegisterCallback), (8 bytes).
    Removing stm32f4xx_hal_exti.o(.text.HAL_EXTI_GetHandle), (42 bytes).
    Removing stm32f4xx_hal_exti.o(.ARM.exidx.text.HAL_EXTI_GetHandle), (8 bytes).
    Removing stm32f4xx_hal_exti.o(.text.HAL_EXTI_IRQHandler), (76 bytes).
    Removing stm32f4xx_hal_exti.o(.ARM.exidx.text.HAL_EXTI_IRQHandler), (8 bytes).
    Removing stm32f4xx_hal_exti.o(.text.HAL_EXTI_GetPending), (50 bytes).
    Removing stm32f4xx_hal_exti.o(.ARM.exidx.text.HAL_EXTI_GetPending), (8 bytes).
    Removing stm32f4xx_hal_exti.o(.text.HAL_EXTI_ClearPending), (36 bytes).
    Removing stm32f4xx_hal_exti.o(.ARM.exidx.text.HAL_EXTI_ClearPending), (8 bytes).
    Removing stm32f4xx_hal_exti.o(.text.HAL_EXTI_GenerateSWI), (34 bytes).
    Removing stm32f4xx_hal_exti.o(.ARM.exidx.text.HAL_EXTI_GenerateSWI), (8 bytes).
    Removing stm32f4xx_hal_uart.o(.text), (0 bytes).
    Removing stm32f4xx_hal_uart.o(.ARM.exidx.text.HAL_UART_Init), (8 bytes).
    Removing stm32f4xx_hal_uart.o(.text.HAL_UART_MspInit), (8 bytes).
    Removing stm32f4xx_hal_uart.o(.ARM.exidx.text.HAL_UART_MspInit), (8 bytes).
    Removing stm32f4xx_hal_uart.o(.ARM.exidx.text.UART_SetConfig), (8 bytes).
    Removing stm32f4xx_hal_uart.o(.text.HAL_HalfDuplex_Init), (154 bytes).
    Removing stm32f4xx_hal_uart.o(.ARM.exidx.text.HAL_HalfDuplex_Init), (8 bytes).
    Removing stm32f4xx_hal_uart.o(.text.HAL_LIN_Init), (180 bytes).
    Removing stm32f4xx_hal_uart.o(.ARM.exidx.text.HAL_LIN_Init), (8 bytes).
    Removing stm32f4xx_hal_uart.o(.text.HAL_MultiProcessor_Init), (198 bytes).
    Removing stm32f4xx_hal_uart.o(.ARM.exidx.text.HAL_MultiProcessor_Init), (8 bytes).
    Removing stm32f4xx_hal_uart.o(.text.HAL_UART_DeInit), (96 bytes).
    Removing stm32f4xx_hal_uart.o(.ARM.exidx.text.HAL_UART_DeInit), (8 bytes).
    Removing stm32f4xx_hal_uart.o(.text.HAL_UART_MspDeInit), (8 bytes).
    Removing stm32f4xx_hal_uart.o(.ARM.exidx.text.HAL_UART_MspDeInit), (8 bytes).
    Removing stm32f4xx_hal_uart.o(.text.HAL_UART_Transmit), (334 bytes).
    Removing stm32f4xx_hal_uart.o(.ARM.exidx.text.HAL_UART_Transmit), (8 bytes).
    Removing stm32f4xx_hal_uart.o(.text.UART_WaitOnFlagUntilTimeout), (210 bytes).
    Removing stm32f4xx_hal_uart.o(.ARM.exidx.text.UART_WaitOnFlagUntilTimeout), (8 bytes).
    Removing stm32f4xx_hal_uart.o(.text.HAL_UART_Receive), (356 bytes).
    Removing stm32f4xx_hal_uart.o(.ARM.exidx.text.HAL_UART_Receive), (8 bytes).
    Removing stm32f4xx_hal_uart.o(.text.HAL_UART_Transmit_IT), (162 bytes).
    Removing stm32f4xx_hal_uart.o(.ARM.exidx.text.HAL_UART_Transmit_IT), (8 bytes).
    Removing stm32f4xx_hal_uart.o(.text.HAL_UART_Receive_IT), (120 bytes).
    Removing stm32f4xx_hal_uart.o(.ARM.exidx.text.HAL_UART_Receive_IT), (8 bytes).
    Removing stm32f4xx_hal_uart.o(.text.UART_Start_Receive_IT), (100 bytes).
    Removing stm32f4xx_hal_uart.o(.ARM.exidx.text.UART_Start_Receive_IT), (8 bytes).
    Removing stm32f4xx_hal_uart.o(.ARM.exidx.text.HAL_UART_Transmit_DMA), (8 bytes).
    Removing stm32f4xx_hal_uart.o(.ARM.exidx.text.UART_DMATransmitCplt), (8 bytes).
    Removing stm32f4xx_hal_uart.o(.ARM.exidx.text.UART_DMATxHalfCplt), (8 bytes).
    Removing stm32f4xx_hal_uart.o(.ARM.exidx.text.UART_DMAError), (8 bytes).
    Removing stm32f4xx_hal_uart.o(.ARM.exidx.text.HAL_UART_Receive_DMA), (8 bytes).
    Removing stm32f4xx_hal_uart.o(.ARM.exidx.text.UART_Start_Receive_DMA), (8 bytes).
    Removing stm32f4xx_hal_uart.o(.text.HAL_UART_DMAPause), (286 bytes).
    Removing stm32f4xx_hal_uart.o(.ARM.exidx.text.HAL_UART_DMAPause), (8 bytes).
    Removing stm32f4xx_hal_uart.o(.text.HAL_UART_DMAResume), (272 bytes).
    Removing stm32f4xx_hal_uart.o(.ARM.exidx.text.HAL_UART_DMAResume), (8 bytes).
    Removing stm32f4xx_hal_uart.o(.text.HAL_UART_DMAStop), (204 bytes).
    Removing stm32f4xx_hal_uart.o(.ARM.exidx.text.HAL_UART_DMAStop), (8 bytes).
    Removing stm32f4xx_hal_uart.o(.ARM.exidx.text.UART_EndTxTransfer), (8 bytes).
    Removing stm32f4xx_hal_uart.o(.ARM.exidx.text.UART_EndRxTransfer), (8 bytes).
    Removing stm32f4xx_hal_uart.o(.text.HAL_UARTEx_ReceiveToIdle), (484 bytes).
    Removing stm32f4xx_hal_uart.o(.ARM.exidx.text.HAL_UARTEx_ReceiveToIdle), (8 bytes).
    Removing stm32f4xx_hal_uart.o(.text.HAL_UARTEx_ReceiveToIdle_IT), (222 bytes).
    Removing stm32f4xx_hal_uart.o(.ARM.exidx.text.HAL_UARTEx_ReceiveToIdle_IT), (8 bytes).
    Removing stm32f4xx_hal_uart.o(.text.HAL_UARTEx_ReceiveToIdle_DMA), (222 bytes).
    Removing stm32f4xx_hal_uart.o(.ARM.exidx.text.HAL_UARTEx_ReceiveToIdle_DMA), (8 bytes).
    Removing stm32f4xx_hal_uart.o(.text.HAL_UART_Abort), (406 bytes).
    Removing stm32f4xx_hal_uart.o(.ARM.exidx.text.HAL_UART_Abort), (8 bytes).
    Removing stm32f4xx_hal_uart.o(.text.HAL_UART_AbortTransmit), (186 bytes).
    Removing stm32f4xx_hal_uart.o(.ARM.exidx.text.HAL_UART_AbortTransmit), (8 bytes).
    Removing stm32f4xx_hal_uart.o(.text.HAL_UART_AbortReceive), (278 bytes).
    Removing stm32f4xx_hal_uart.o(.ARM.exidx.text.HAL_UART_AbortReceive), (8 bytes).
    Removing stm32f4xx_hal_uart.o(.text.HAL_UART_Abort_IT), (478 bytes).
    Removing stm32f4xx_hal_uart.o(.ARM.exidx.text.HAL_UART_Abort_IT), (8 bytes).
    Removing stm32f4xx_hal_uart.o(.text.UART_DMATxAbortCallback), (86 bytes).
    Removing stm32f4xx_hal_uart.o(.ARM.exidx.text.UART_DMATxAbortCallback), (8 bytes).
    Removing stm32f4xx_hal_uart.o(.text.UART_DMARxAbortCallback), (86 bytes).
    Removing stm32f4xx_hal_uart.o(.ARM.exidx.text.UART_DMARxAbortCallback), (8 bytes).
    Removing stm32f4xx_hal_uart.o(.text.HAL_UART_AbortCpltCallback), (8 bytes).
    Removing stm32f4xx_hal_uart.o(.ARM.exidx.text.HAL_UART_AbortCpltCallback), (8 bytes).
    Removing stm32f4xx_hal_uart.o(.text.HAL_UART_AbortTransmit_IT), (194 bytes).
    Removing stm32f4xx_hal_uart.o(.ARM.exidx.text.HAL_UART_AbortTransmit_IT), (8 bytes).
    Removing stm32f4xx_hal_uart.o(.text.UART_DMATxOnlyAbortCallback), (36 bytes).
    Removing stm32f4xx_hal_uart.o(.ARM.exidx.text.UART_DMATxOnlyAbortCallback), (8 bytes).
    Removing stm32f4xx_hal_uart.o(.text.HAL_UART_AbortTransmitCpltCallback), (8 bytes).
    Removing stm32f4xx_hal_uart.o(.ARM.exidx.text.HAL_UART_AbortTransmitCpltCallback), (8 bytes).
    Removing stm32f4xx_hal_uart.o(.text.HAL_UART_AbortReceive_IT), (290 bytes).
    Removing stm32f4xx_hal_uart.o(.ARM.exidx.text.HAL_UART_AbortReceive_IT), (8 bytes).
    Removing stm32f4xx_hal_uart.o(.text.UART_DMARxOnlyAbortCallback), (40 bytes).
    Removing stm32f4xx_hal_uart.o(.ARM.exidx.text.UART_DMARxOnlyAbortCallback), (8 bytes).
    Removing stm32f4xx_hal_uart.o(.text.HAL_UART_AbortReceiveCpltCallback), (8 bytes).
    Removing stm32f4xx_hal_uart.o(.ARM.exidx.text.HAL_UART_AbortReceiveCpltCallback), (8 bytes).
    Removing stm32f4xx_hal_uart.o(.text.HAL_UART_IRQHandler), (1054 bytes).
    Removing stm32f4xx_hal_uart.o(.ARM.exidx.text.HAL_UART_IRQHandler), (8 bytes).
    Removing stm32f4xx_hal_uart.o(.text.UART_Receive_IT), (356 bytes).
    Removing stm32f4xx_hal_uart.o(.ARM.exidx.text.UART_Receive_IT), (8 bytes).
    Removing stm32f4xx_hal_uart.o(.text.UART_DMAAbortOnError), (32 bytes).
    Removing stm32f4xx_hal_uart.o(.ARM.exidx.text.UART_DMAAbortOnError), (8 bytes).
    Removing stm32f4xx_hal_uart.o(.ARM.exidx.text.HAL_UART_ErrorCallback), (8 bytes).
    Removing stm32f4xx_hal_uart.o(.ARM.exidx.text.HAL_UARTEx_RxEventCallback), (8 bytes).
    Removing stm32f4xx_hal_uart.o(.text.UART_Transmit_IT), (148 bytes).
    Removing stm32f4xx_hal_uart.o(.ARM.exidx.text.UART_Transmit_IT), (8 bytes).
    Removing stm32f4xx_hal_uart.o(.text.UART_EndTransmit_IT), (38 bytes).
    Removing stm32f4xx_hal_uart.o(.ARM.exidx.text.UART_EndTransmit_IT), (8 bytes).
    Removing stm32f4xx_hal_uart.o(.ARM.exidx.text.HAL_UART_TxCpltCallback), (8 bytes).
    Removing stm32f4xx_hal_uart.o(.ARM.exidx.text.HAL_UART_TxHalfCpltCallback), (8 bytes).
    Removing stm32f4xx_hal_uart.o(.ARM.exidx.text.HAL_UART_RxCpltCallback), (8 bytes).
    Removing stm32f4xx_hal_uart.o(.ARM.exidx.text.HAL_UART_RxHalfCpltCallback), (8 bytes).
    Removing stm32f4xx_hal_uart.o(.text.HAL_LIN_SendBreak), (120 bytes).
    Removing stm32f4xx_hal_uart.o(.ARM.exidx.text.HAL_LIN_SendBreak), (8 bytes).
    Removing stm32f4xx_hal_uart.o(.text.HAL_MultiProcessor_EnterMuteMode), (120 bytes).
    Removing stm32f4xx_hal_uart.o(.ARM.exidx.text.HAL_MultiProcessor_EnterMuteMode), (8 bytes).
    Removing stm32f4xx_hal_uart.o(.text.HAL_MultiProcessor_ExitMuteMode), (120 bytes).
    Removing stm32f4xx_hal_uart.o(.ARM.exidx.text.HAL_MultiProcessor_ExitMuteMode), (8 bytes).
    Removing stm32f4xx_hal_uart.o(.text.HAL_HalfDuplex_EnableTransmitter), (118 bytes).
    Removing stm32f4xx_hal_uart.o(.ARM.exidx.text.HAL_HalfDuplex_EnableTransmitter), (8 bytes).
    Removing stm32f4xx_hal_uart.o(.text.HAL_HalfDuplex_EnableReceiver), (118 bytes).
    Removing stm32f4xx_hal_uart.o(.ARM.exidx.text.HAL_HalfDuplex_EnableReceiver), (8 bytes).
    Removing stm32f4xx_hal_uart.o(.text.HAL_UART_GetState), (40 bytes).
    Removing stm32f4xx_hal_uart.o(.ARM.exidx.text.HAL_UART_GetState), (8 bytes).
    Removing stm32f4xx_hal_uart.o(.text.HAL_UART_GetError), (12 bytes).
    Removing stm32f4xx_hal_uart.o(.ARM.exidx.text.HAL_UART_GetError), (8 bytes).
    Removing stm32f4xx_hal_uart.o(.ARM.exidx.text.UART_DMAReceiveCplt), (8 bytes).
    Removing stm32f4xx_hal_uart.o(.ARM.exidx.text.UART_DMARxHalfCplt), (8 bytes).
    Removing system_stm32f4xx.o(.text), (0 bytes).
    Removing system_stm32f4xx.o(.ARM.exidx.text.SystemInit), (8 bytes).
    Removing system_stm32f4xx.o(.text.SystemCoreClockUpdate), (302 bytes).
    Removing system_stm32f4xx.o(.ARM.exidx.text.SystemCoreClockUpdate), (8 bytes).

816 unused section(s) (total 67795 bytes) removed from the image.

==============================================================================

Image Symbol Table

    Local Symbols

    Symbol Name                              Value     Ov Type        Size  Object(Section)

    ../clib/microlib/division.c              0x00000000   Number         0  uldiv.o ABSOLUTE
    ../clib/microlib/errno.c                 0x00000000   Number         0  errno.o ABSOLUTE
    ../clib/microlib/init/entry.s            0x00000000   Number         0  entry.o ABSOLUTE
    ../clib/microlib/init/entry.s            0x00000000   Number         0  entry2.o ABSOLUTE
    ../clib/microlib/init/entry.s            0x00000000   Number         0  entry5.o ABSOLUTE
    ../clib/microlib/init/entry.s            0x00000000   Number         0  entry7a.o ABSOLUTE
    ../clib/microlib/init/entry.s            0x00000000   Number         0  entry7b.o ABSOLUTE
    ../clib/microlib/init/entry.s            0x00000000   Number         0  entry8a.o ABSOLUTE
    ../clib/microlib/init/entry.s            0x00000000   Number         0  entry8b.o ABSOLUTE
    ../clib/microlib/init/entry.s            0x00000000   Number         0  entry9a.o ABSOLUTE
    ../clib/microlib/init/entry.s            0x00000000   Number         0  entry9b.o ABSOLUTE
    ../clib/microlib/init/entry.s            0x00000000   Number         0  entry10a.o ABSOLUTE
    ../clib/microlib/init/entry.s            0x00000000   Number         0  entry10b.o ABSOLUTE
    ../clib/microlib/init/entry.s            0x00000000   Number         0  entry11a.o ABSOLUTE
    ../clib/microlib/init/entry.s            0x00000000   Number         0  entry11b.o ABSOLUTE
    ../clib/microlib/longlong.c              0x00000000   Number         0  llshl.o ABSOLUTE
    ../clib/microlib/longlong.c              0x00000000   Number         0  llushr.o ABSOLUTE
    ../clib/microlib/string/memcpy.c         0x00000000   Number         0  memcpya.o ABSOLUTE
    ../clib/microlib/string/memcpy.c         0x00000000   Number         0  memcpyb.o ABSOLUTE
    ../clib/microlib/string/memset.c         0x00000000   Number         0  memseta.o ABSOLUTE
    ../clib/microlib/stubs.s                 0x00000000   Number         0  iusefp.o ABSOLUTE
    ../fplib/microlib/d2f.c                  0x00000000   Number         0  d2f.o ABSOLUTE
    ../fplib/microlib/f2d.c                  0x00000000   Number         0  f2d.o ABSOLUTE
    ../fplib/microlib/fpdiv.c                0x00000000   Number         0  ddiv.o ABSOLUTE
    ../fplib/microlib/fpepilogue.c           0x00000000   Number         0  fepilogue.o ABSOLUTE
    ../fplib/microlib/fpepilogue.c           0x00000000   Number         0  depilogue.o ABSOLUTE
    ../fplib/microlib/fpflt.c                0x00000000   Number         0  dflti.o ABSOLUTE
    ../fplib/microlib/fpmul.c                0x00000000   Number         0  dmul.o ABSOLUTE
    ../mathlib/fpclassifyf.c                 0x00000000   Number         0  fpclassifyf.o ABSOLUTE
    ../mathlib/funder.c                      0x00000000   Number         0  funder.o ABSOLUTE
    ../mathlib/rredf.c                       0x00000000   Number         0  rredf.o ABSOLUTE
    ../mathlib/sinf.c                        0x00000000   Number         0  sinf.o ABSOLUTE
    binary_support.c                         0x00000000   Number         0  binary_support.o ABSOLUTE
    dc.s                                     0x00000000   Number         0  dc.o ABSOLUTE
    dma.c                                    0x00000000   Number         0  dma.o ABSOLUTE
    gpio.c                                   0x00000000   Number         0  gpio.o ABSOLUTE
    handlers.s                               0x00000000   Number         0  handlers.o ABSOLUTE
    init.s                                   0x00000000   Number         0  init.o ABSOLUTE
    main.c                                   0x00000000   Number         0  main.o ABSOLUTE
    startup_stm32f407xx.s                    0x00000000   Number         0  startup_stm32f407xx.o ABSOLUTE
    stm32f4xx_hal.c                          0x00000000   Number         0  stm32f4xx_hal.o ABSOLUTE
    stm32f4xx_hal_cortex.c                   0x00000000   Number         0  stm32f4xx_hal_cortex.o ABSOLUTE
    stm32f4xx_hal_dma.c                      0x00000000   Number         0  stm32f4xx_hal_dma.o ABSOLUTE
    stm32f4xx_hal_dma_ex.c                   0x00000000   Number         0  stm32f4xx_hal_dma_ex.o ABSOLUTE
    stm32f4xx_hal_exti.c                     0x00000000   Number         0  stm32f4xx_hal_exti.o ABSOLUTE
    stm32f4xx_hal_flash.c                    0x00000000   Number         0  stm32f4xx_hal_flash.o ABSOLUTE
    stm32f4xx_hal_flash_ex.c                 0x00000000   Number         0  stm32f4xx_hal_flash_ex.o ABSOLUTE
    stm32f4xx_hal_flash_ramfunc.c            0x00000000   Number         0  stm32f4xx_hal_flash_ramfunc.o ABSOLUTE
    stm32f4xx_hal_gpio.c                     0x00000000   Number         0  stm32f4xx_hal_gpio.o ABSOLUTE
    stm32f4xx_hal_msp.c                      0x00000000   Number         0  stm32f4xx_hal_msp.o ABSOLUTE
    stm32f4xx_hal_pwr.c                      0x00000000   Number         0  stm32f4xx_hal_pwr.o ABSOLUTE
    stm32f4xx_hal_pwr_ex.c                   0x00000000   Number         0  stm32f4xx_hal_pwr_ex.o ABSOLUTE
    stm32f4xx_hal_rcc.c                      0x00000000   Number         0  stm32f4xx_hal_rcc.o ABSOLUTE
    stm32f4xx_hal_rcc_ex.c                   0x00000000   Number         0  stm32f4xx_hal_rcc_ex.o ABSOLUTE
    stm32f4xx_hal_tim.c                      0x00000000   Number         0  stm32f4xx_hal_tim.o ABSOLUTE
    stm32f4xx_hal_tim_ex.c                   0x00000000   Number         0  stm32f4xx_hal_tim_ex.o ABSOLUTE
    stm32f4xx_hal_uart.c                     0x00000000   Number         0  stm32f4xx_hal_uart.o ABSOLUTE
    stm32f4xx_it.c                           0x00000000   Number         0  stm32f4xx_it.o ABSOLUTE
    system_stm32f4xx.c                       0x00000000   Number         0  system_stm32f4xx.o ABSOLUTE
    tim.c                                    0x00000000   Number         0  tim.o ABSOLUTE
    usart.c                                  0x00000000   Number         0  usart.o ABSOLUTE
    RESET                                    0x08000000   Section      392  startup_stm32f407xx.o(RESET)
    .ARM.Collect$$$$00000000                 0x08000188   Section        0  entry.o(.ARM.Collect$$$$00000000)
    .ARM.Collect$$$$00000001                 0x08000188   Section        4  entry2.o(.ARM.Collect$$$$00000001)
    .ARM.Collect$$$$00000004                 0x0800018c   Section        4  entry5.o(.ARM.Collect$$$$00000004)
    .ARM.Collect$$$$00000008                 0x08000190   Section        0  entry7b.o(.ARM.Collect$$$$00000008)
    .ARM.Collect$$$$0000000A                 0x08000190   Section        0  entry8b.o(.ARM.Collect$$$$0000000A)
    .ARM.Collect$$$$0000000B                 0x08000190   Section        8  entry9a.o(.ARM.Collect$$$$0000000B)
    __lit__00000000                          0x08000198   Data           4  entry2.o(.ARM.Collect$$$$00002712)
    .ARM.Collect$$$$0000000D                 0x08000198   Section        0  entry10a.o(.ARM.Collect$$$$0000000D)
    .ARM.Collect$$$$0000000F                 0x08000198   Section        0  entry11a.o(.ARM.Collect$$$$0000000F)
    .ARM.Collect$$$$00002712                 0x08000198   Section        4  entry2.o(.ARM.Collect$$$$00002712)
    $v0                                      0x0800019c   Number         0  startup_stm32f407xx.o(.text)
    .text                                    0x0800019c   Section       36  startup_stm32f407xx.o(.text)
    .text                                    0x080001c0   Section        0  uldiv.o(.text)
    .text                                    0x08000222   Section        0  memcpya.o(.text)
    .text                                    0x08000246   Section        0  memseta.o(.text)
    .text                                    0x0800026a   Section        0  dmul.o(.text)
    .text                                    0x0800034e   Section        0  ddiv.o(.text)
    .text                                    0x0800042c   Section        0  dflti.o(.text)
    .text                                    0x0800044e   Section        0  f2d.o(.text)
    .text                                    0x08000474   Section        0  d2f.o(.text)
    .text                                    0x080004ac   Section        0  llshl.o(.text)
    .text                                    0x080004ca   Section        0  llushr.o(.text)
    .text                                    0x080004ea   Section        0  iusefp.o(.text)
    .text                                    0x080004ea   Section        0  fepilogue.o(.text)
    .text                                    0x08000558   Section        0  depilogue.o(.text)
    .text                                    0x08000614   Section       36  init.o(.text)
    [Anonymous Symbol]                       0x08000638   Section        0  stm32f4xx_it.o(.text.BusFault_Handler)
    [Anonymous Symbol]                       0x0800063c   Section        0  stm32f4xx_it.o(.text.DMA1_Stream6_IRQHandler)
    [Anonymous Symbol]                       0x08000670   Section        0  stm32f4xx_it.o(.text.DMA2_Stream2_IRQHandler)
    DMA_CalcBaseAndBitshift                  0x080006bd   Thumb Code    86  stm32f4xx_hal_dma.o(.text.DMA_CalcBaseAndBitshift)
    [Anonymous Symbol]                       0x080006bc   Section        0  stm32f4xx_hal_dma.o(.text.DMA_CalcBaseAndBitshift)
    DMA_CheckFifoParam                       0x08000715   Thumb Code   240  stm32f4xx_hal_dma.o(.text.DMA_CheckFifoParam)
    [Anonymous Symbol]                       0x08000714   Section        0  stm32f4xx_hal_dma.o(.text.DMA_CheckFifoParam)
    DMA_SetConfig                            0x08000805   Thumb Code    80  stm32f4xx_hal_dma.o(.text.DMA_SetConfig)
    [Anonymous Symbol]                       0x08000804   Section        0  stm32f4xx_hal_dma.o(.text.DMA_SetConfig)
    [Anonymous Symbol]                       0x08000854   Section        0  stm32f4xx_it.o(.text.DebugMon_Handler)
    [Anonymous Symbol]                       0x08000858   Section        0  main.o(.text.EncoderDMA_NoSynchro)
    [Anonymous Symbol]                       0x080009dc   Section        0  main.o(.text.EncoderDMA_Synchro)
    [Anonymous Symbol]                       0x08000a8c   Section        0  main.o(.text.Error_Handler)
    [Anonymous Symbol]                       0x08000a9c   Section        0  stm32f4xx_hal_dma.o(.text.HAL_DMA_IRQHandler)
    [Anonymous Symbol]                       0x08000dbc   Section        0  stm32f4xx_hal_dma.o(.text.HAL_DMA_Init)
    [Anonymous Symbol]                       0x08000f2c   Section        0  stm32f4xx_hal_dma.o(.text.HAL_DMA_Start_IT)
    [Anonymous Symbol]                       0x08000ff0   Section        0  stm32f4xx_hal_gpio.o(.text.HAL_GPIO_Init)
    [Anonymous Symbol]                       0x080013a8   Section        0  stm32f4xx_hal_gpio.o(.text.HAL_GPIO_WritePin)
    [Anonymous Symbol]                       0x080013d8   Section        0  stm32f4xx_hal.o(.text.HAL_GetTick)
    [Anonymous Symbol]                       0x080013e4   Section        0  stm32f4xx_hal.o(.text.HAL_IncTick)
    [Anonymous Symbol]                       0x08001400   Section        0  stm32f4xx_hal.o(.text.HAL_Init)
    [Anonymous Symbol]                       0x0800143c   Section        0  stm32f4xx_hal.o(.text.HAL_InitTick)
    [Anonymous Symbol]                       0x080014ac   Section        0  stm32f4xx_hal_msp.o(.text.HAL_MspInit)
    [Anonymous Symbol]                       0x08001500   Section        0  stm32f4xx_hal_cortex.o(.text.HAL_NVIC_EnableIRQ)
    [Anonymous Symbol]                       0x08001514   Section        0  stm32f4xx_hal_cortex.o(.text.HAL_NVIC_SetPriority)
    [Anonymous Symbol]                       0x08001548   Section        0  stm32f4xx_hal_cortex.o(.text.HAL_NVIC_SetPriorityGrouping)
    [Anonymous Symbol]                       0x08001558   Section        0  stm32f4xx_hal_rcc.o(.text.HAL_RCC_ClockConfig)
    [Anonymous Symbol]                       0x080017bc   Section        0  stm32f4xx_hal_rcc.o(.text.HAL_RCC_GetHCLKFreq)
    [Anonymous Symbol]                       0x080017c8   Section        0  stm32f4xx_hal_rcc.o(.text.HAL_RCC_GetPCLK1Freq)
    [Anonymous Symbol]                       0x080017ec   Section        0  stm32f4xx_hal_rcc.o(.text.HAL_RCC_GetPCLK2Freq)
    [Anonymous Symbol]                       0x08001810   Section        0  stm32f4xx_hal_rcc.o(.text.HAL_RCC_GetSysClockFreq)
    [Anonymous Symbol]                       0x080018f8   Section        0  stm32f4xx_hal_rcc.o(.text.HAL_RCC_OscConfig)
    [Anonymous Symbol]                       0x08001fb8   Section        0  stm32f4xx_hal_cortex.o(.text.HAL_SYSTICK_Config)
    [Anonymous Symbol]                       0x08001fc8   Section        0  stm32f4xx_hal_tim_ex.o(.text.HAL_TIMEx_MasterConfigSynchronization)
    [Anonymous Symbol]                       0x080020ec   Section        0  stm32f4xx_hal_tim.o(.text.HAL_TIM_Base_Init)
    [Anonymous Symbol]                       0x08002188   Section        0  tim.o(.text.HAL_TIM_Base_MspInit)
    [Anonymous Symbol]                       0x08002224   Section        0  stm32f4xx_hal_tim.o(.text.HAL_TIM_Base_Start_IT)
    [Anonymous Symbol]                       0x0800231c   Section        0  stm32f4xx_hal_tim.o(.text.HAL_TIM_ConfigClockSource)
    [Anonymous Symbol]                       0x080024a0   Section        0  stm32f4xx_hal_uart.o(.text.HAL_UARTEx_RxEventCallback)
    [Anonymous Symbol]                       0x080024ac   Section        0  stm32f4xx_hal_uart.o(.text.HAL_UART_ErrorCallback)
    [Anonymous Symbol]                       0x080024b4   Section        0  stm32f4xx_hal_uart.o(.text.HAL_UART_Init)
    [Anonymous Symbol]                       0x08002550   Section        0  usart.o(.text.HAL_UART_MspInit)
    [Anonymous Symbol]                       0x0800272c   Section        0  stm32f4xx_hal_uart.o(.text.HAL_UART_Receive_DMA)
    [Anonymous Symbol]                       0x080027a4   Section        0  stm32f4xx_hal_uart.o(.text.HAL_UART_RxCpltCallback)
    [Anonymous Symbol]                       0x080027ac   Section        0  stm32f4xx_hal_uart.o(.text.HAL_UART_RxHalfCpltCallback)
    [Anonymous Symbol]                       0x080027b4   Section        0  stm32f4xx_hal_uart.o(.text.HAL_UART_Transmit_DMA)
    [Anonymous Symbol]                       0x080028c4   Section        0  stm32f4xx_hal_uart.o(.text.HAL_UART_TxCpltCallback)
    [Anonymous Symbol]                       0x080028cc   Section        0  stm32f4xx_hal_uart.o(.text.HAL_UART_TxHalfCpltCallback)
    [Anonymous Symbol]                       0x080028d4   Section        0  stm32f4xx_it.o(.text.HardFault_Handler)
    [Anonymous Symbol]                       0x080028d8   Section        0  dma.o(.text.MX_DMA_Init)
    [Anonymous Symbol]                       0x0800294c   Section        0  gpio.o(.text.MX_GPIO_Init)
    [Anonymous Symbol]                       0x08002aec   Section        0  tim.o(.text.MX_TIM3_Init)
    [Anonymous Symbol]                       0x08002b70   Section        0  tim.o(.text.MX_TIM6_Init)
    [Anonymous Symbol]                       0x08002bc8   Section        0  usart.o(.text.MX_USART1_UART_Init)
    [Anonymous Symbol]                       0x08002c0c   Section        0  usart.o(.text.MX_USART2_UART_Init)
    [Anonymous Symbol]                       0x08002c50   Section        0  stm32f4xx_it.o(.text.MemManage_Handler)
    [Anonymous Symbol]                       0x08002c54   Section        0  stm32f4xx_it.o(.text.NMI_Handler)
    NVIC_EncodePriority                      0x08002c59   Thumb Code   108  stm32f4xx_hal_cortex.o(.text.NVIC_EncodePriority)
    [Anonymous Symbol]                       0x08002c58   Section        0  stm32f4xx_hal_cortex.o(.text.NVIC_EncodePriority)
    [Anonymous Symbol]                       0x08002cc4   Section        0  stm32f4xx_it.o(.text.PendSV_Handler)
    [Anonymous Symbol]                       0x08002cc8   Section        0  stm32f4xx_it.o(.text.SVC_Handler)
    SysTick_Config                           0x08002ccd   Thumb Code    82  stm32f4xx_hal_cortex.o(.text.SysTick_Config)
    [Anonymous Symbol]                       0x08002ccc   Section        0  stm32f4xx_hal_cortex.o(.text.SysTick_Config)
    [Anonymous Symbol]                       0x08002d20   Section        0  stm32f4xx_it.o(.text.SysTick_Handler)
    [Anonymous Symbol]                       0x08002d28   Section        0  main.o(.text.SystemClock_Config)
    [Anonymous Symbol]                       0x08002de4   Section        0  system_stm32f4xx.o(.text.SystemInit)
    [Anonymous Symbol]                       0x08002df8   Section        0  tim.o(.text.TIM1_Init)
    [Anonymous Symbol]                       0x08002e90   Section        0  stm32f4xx_it.o(.text.TIM3_IRQHandler)
    [Anonymous Symbol]                       0x080030e8   Section        0  stm32f4xx_it.o(.text.TIM4_IRQHandler)
    [Anonymous Symbol]                       0x08003128   Section        0  tim.o(.text.TIM4_Init)
    [Anonymous Symbol]                       0x080031e0   Section        0  stm32f4xx_it.o(.text.TIM6_DAC_IRQHandler)
    [Anonymous Symbol]                       0x08003638   Section        0  stm32f4xx_hal_tim.o(.text.TIM_Base_SetConfig)
    [Anonymous Symbol]                       0x080037d4   Section        0  stm32f4xx_hal_tim.o(.text.TIM_ETR_SetConfig)
    TIM_ITRx_SetConfig                       0x08003809   Thumb Code    42  stm32f4xx_hal_tim.o(.text.TIM_ITRx_SetConfig)
    [Anonymous Symbol]                       0x08003808   Section        0  stm32f4xx_hal_tim.o(.text.TIM_ITRx_SetConfig)
    TIM_TI1_ConfigInputStage                 0x08003835   Thumb Code    80  stm32f4xx_hal_tim.o(.text.TIM_TI1_ConfigInputStage)
    [Anonymous Symbol]                       0x08003834   Section        0  stm32f4xx_hal_tim.o(.text.TIM_TI1_ConfigInputStage)
    TIM_TI2_ConfigInputStage                 0x08003885   Thumb Code    82  stm32f4xx_hal_tim.o(.text.TIM_TI2_ConfigInputStage)
    [Anonymous Symbol]                       0x08003884   Section        0  stm32f4xx_hal_tim.o(.text.TIM_TI2_ConfigInputStage)
    UART_DMAError                            0x080038d9   Thumb Code   124  stm32f4xx_hal_uart.o(.text.UART_DMAError)
    [Anonymous Symbol]                       0x080038d8   Section        0  stm32f4xx_hal_uart.o(.text.UART_DMAError)
    UART_DMAReceiveCplt                      0x08003955   Thumb Code   238  stm32f4xx_hal_uart.o(.text.UART_DMAReceiveCplt)
    [Anonymous Symbol]                       0x08003954   Section        0  stm32f4xx_hal_uart.o(.text.UART_DMAReceiveCplt)
    UART_DMARxHalfCplt                       0x08003a45   Thumb Code    46  stm32f4xx_hal_uart.o(.text.UART_DMARxHalfCplt)
    [Anonymous Symbol]                       0x08003a44   Section        0  stm32f4xx_hal_uart.o(.text.UART_DMARxHalfCplt)
    UART_DMATransmitCplt                     0x08003a75   Thumb Code   122  stm32f4xx_hal_uart.o(.text.UART_DMATransmitCplt)
    [Anonymous Symbol]                       0x08003a74   Section        0  stm32f4xx_hal_uart.o(.text.UART_DMATransmitCplt)
    UART_DMATxHalfCplt                       0x08003af1   Thumb Code    22  stm32f4xx_hal_uart.o(.text.UART_DMATxHalfCplt)
    [Anonymous Symbol]                       0x08003af0   Section        0  stm32f4xx_hal_uart.o(.text.UART_DMATxHalfCplt)
    UART_EndRxTransfer                       0x08003b09   Thumb Code   148  stm32f4xx_hal_uart.o(.text.UART_EndRxTransfer)
    [Anonymous Symbol]                       0x08003b08   Section        0  stm32f4xx_hal_uart.o(.text.UART_EndRxTransfer)
    UART_EndTxTransfer                       0x08003b9d   Thumb Code    54  stm32f4xx_hal_uart.o(.text.UART_EndTxTransfer)
    [Anonymous Symbol]                       0x08003b9c   Section        0  stm32f4xx_hal_uart.o(.text.UART_EndTxTransfer)
    UART_SetConfig                           0x08003bd5   Thumb Code   314  stm32f4xx_hal_uart.o(.text.UART_SetConfig)
    [Anonymous Symbol]                       0x08003bd4   Section        0  stm32f4xx_hal_uart.o(.text.UART_SetConfig)
    [Anonymous Symbol]                       0x08003d10   Section        0  stm32f4xx_hal_uart.o(.text.UART_Start_Receive_DMA)
    [Anonymous Symbol]                       0x08003e20   Section        0  stm32f4xx_it.o(.text.USART2_IRQHandler)
    [Anonymous Symbol]                       0x08003e7c   Section        0  stm32f4xx_it.o(.text.UsageFault_Handler)
    __NVIC_EnableIRQ                         0x08003e81   Thumb Code    48  tim.o(.text.__NVIC_EnableIRQ)
    [Anonymous Symbol]                       0x08003e80   Section        0  tim.o(.text.__NVIC_EnableIRQ)
    __NVIC_EnableIRQ                         0x08003eb1   Thumb Code    48  stm32f4xx_hal_cortex.o(.text.__NVIC_EnableIRQ)
    [Anonymous Symbol]                       0x08003eb0   Section        0  stm32f4xx_hal_cortex.o(.text.__NVIC_EnableIRQ)
    __NVIC_GetPriorityGrouping               0x08003ee1   Thumb Code    16  stm32f4xx_hal_cortex.o(.text.__NVIC_GetPriorityGrouping)
    [Anonymous Symbol]                       0x08003ee0   Section        0  stm32f4xx_hal_cortex.o(.text.__NVIC_GetPriorityGrouping)
    __NVIC_SetPriority                       0x08003ef1   Thumb Code    66  stm32f4xx_hal_cortex.o(.text.__NVIC_SetPriority)
    [Anonymous Symbol]                       0x08003ef0   Section        0  stm32f4xx_hal_cortex.o(.text.__NVIC_SetPriority)
    __NVIC_SetPriorityGrouping               0x08003f35   Thumb Code    60  stm32f4xx_hal_cortex.o(.text.__NVIC_SetPriorityGrouping)
    [Anonymous Symbol]                       0x08003f34   Section        0  stm32f4xx_hal_cortex.o(.text.__NVIC_SetPriorityGrouping)
    [Anonymous Symbol]                       0x08003f70   Section        0  binary_support.o(.text.calcCRC)
    [Anonymous Symbol]                       0x08003ffc   Section        0  main.o(.text.main)
    i.__ARM_fpclassifyf                      0x080043fc   Section        0  fpclassifyf.o(i.__ARM_fpclassifyf)
    i.__hardfp_sinf                          0x08004424   Section        0  sinf.o(i.__hardfp_sinf)
    i.__mathlib_flt_infnan                   0x080045b4   Section        0  funder.o(i.__mathlib_flt_infnan)
    i.__mathlib_flt_invalid                  0x080045bc   Section        0  funder.o(i.__mathlib_flt_invalid)
    i.__mathlib_flt_underflow                0x080045cc   Section        0  funder.o(i.__mathlib_flt_underflow)
    i.__mathlib_rredf2                       0x080045dc   Section        0  rredf.o(i.__mathlib_rredf2)
    i.__scatterload_copy                     0x08004730   Section       14  handlers.o(i.__scatterload_copy)
    i.__scatterload_null                     0x0800473e   Section        2  handlers.o(i.__scatterload_null)
    i.__scatterload_zeroinit                 0x08004740   Section       14  handlers.o(i.__scatterload_zeroinit)
    i.__set_errno                            0x08004750   Section        0  errno.o(i.__set_errno)
    twooverpi                                0x0800475c   Data          32  rredf.o(.constdata)
    .constdata                               0x0800475c   Section       32  rredf.o(.constdata)
    DMA_CalcBaseAndBitshift.flagBitshiftOffset 0x08004794   Data           8  stm32f4xx_hal_dma.o(.rodata.DMA_CalcBaseAndBitshift.flagBitshiftOffset)
    [Anonymous Symbol]                       0x08004794   Section        0  stm32f4xx_hal_dma.o(.rodata.DMA_CalcBaseAndBitshift.flagBitshiftOffset)
    _errno                                   0x20000000   Data           4  errno.o(.data)
    .data                                    0x20000000   Section        4  errno.o(.data)
    count_max                                0x2000000c   Data           2  stm32f4xx_it.o(.data.count_max)
    [Anonymous Symbol]                       0x2000000c   Section        0  stm32f4xx_it.o(.data.count_max)
    count_step                               0x2000000e   Data           2  stm32f4xx_it.o(.data.count_step)
    [Anonymous Symbol]                       0x2000000e   Section        0  stm32f4xx_it.o(.data.count_step)
    next_pack                                0x20000018   Data           1  stm32f4xx_it.o(.data.next_pack)
    [Anonymous Symbol]                       0x20000018   Section        0  stm32f4xx_it.o(.data.next_pack)
    period_max                               0x2000001a   Data           2  stm32f4xx_it.o(.data.period_max)
    [Anonymous Symbol]                       0x2000001a   Section        0  stm32f4xx_it.o(.data.period_max)
    UART_DMA_TxBuf                           0x20005a0b   Data         802  main.o(.bss.UART_DMA_TxBuf)
    [Anonymous Symbol]                       0x20005a0b   Section        0  main.o(.bss.UART_DMA_TxBuf)
    UART_DMA_TxCommand                       0x20005d2d   Data           7  main.o(.bss.UART_DMA_TxCommand)
    [Anonymous Symbol]                       0x20005d2d   Section        0  main.o(.bss.UART_DMA_TxCommand)
    count                                    0x20005d40   Data           2  stm32f4xx_it.o(.bss.count)
    [Anonymous Symbol]                       0x20005d40   Section        0  stm32f4xx_it.o(.bss.count)
    freq_buf_pt                              0x20005d4c   Data           2  stm32f4xx_it.o(.bss.freq_buf_pt)
    [Anonymous Symbol]                       0x20005d4c   Section        0  stm32f4xx_it.o(.bss.freq_buf_pt)
    period                                   0x20005f54   Data           2  stm32f4xx_it.o(.bss.period)
    [Anonymous Symbol]                       0x20005f54   Section        0  stm32f4xx_it.o(.bss.period)
    STACK                                    0x20005f70   Section    44544  startup_stm32f407xx.o(STACK)

    Global Symbols

    Symbol Name                              Value     Ov Type        Size  Object(Section)

    BuildAttributes$$THM_ISAv4$E$P$D$K$B$S$7EM$VFPi3$EXTD16$VFPS$VFMA$PE$A:L22UL41UL21$X:L11$S22US41US21$IEEE1$IW$~IW$USESV6$~STKCKD$USESV7$~SHL$OTIME$ROPI$IEEEX$EBA8$MICROLIB$REQ8$PRES8$EABIv2 0x00000000   Number         0  anon$$obj.o ABSOLUTE
    __cpp_initialize__aeabi_                  - Undefined Weak Reference
    __cxa_finalize                            - Undefined Weak Reference
    __decompress                              - Undefined Weak Reference
    _clock_init                               - Undefined Weak Reference
    _microlib_exit                            - Undefined Weak Reference
    __Vectors_Size                           0x00000188   Number         0  startup_stm32f407xx.o ABSOLUTE
    __Vectors                                0x08000000   Data           4  startup_stm32f407xx.o(RESET)
    __Vectors_End                            0x08000188   Data           0  startup_stm32f407xx.o(RESET)
    __main                                   0x08000189   Thumb Code     0  entry.o(.ARM.Collect$$$$00000000)
    _main_stk                                0x08000189   Thumb Code     0  entry2.o(.ARM.Collect$$$$00000001)
    _main_scatterload                        0x0800018d   Thumb Code     0  entry5.o(.ARM.Collect$$$$00000004)
    __main_after_scatterload                 0x08000191   Thumb Code     0  entry5.o(.ARM.Collect$$$$00000004)
    _main_clock                              0x08000191   Thumb Code     0  entry7b.o(.ARM.Collect$$$$00000008)
    _main_cpp_init                           0x08000191   Thumb Code     0  entry8b.o(.ARM.Collect$$$$0000000A)
    _main_init                               0x08000191   Thumb Code     0  entry9a.o(.ARM.Collect$$$$0000000B)
    __rt_final_cpp                           0x08000199   Thumb Code     0  entry10a.o(.ARM.Collect$$$$0000000D)
    __rt_final_exit                          0x08000199   Thumb Code     0  entry11a.o(.ARM.Collect$$$$0000000F)
    Reset_Handler                            0x0800019d   Thumb Code     8  startup_stm32f407xx.o(.text)
    ADC_IRQHandler                           0x080001b7   Thumb Code     0  startup_stm32f407xx.o(.text)
    CAN1_RX0_IRQHandler                      0x080001b7   Thumb Code     0  startup_stm32f407xx.o(.text)
    CAN1_RX1_IRQHandler                      0x080001b7   Thumb Code     0  startup_stm32f407xx.o(.text)
    CAN1_SCE_IRQHandler                      0x080001b7   Thumb Code     0  startup_stm32f407xx.o(.text)
    CAN1_TX_IRQHandler                       0x080001b7   Thumb Code     0  startup_stm32f407xx.o(.text)
    CAN2_RX0_IRQHandler                      0x080001b7   Thumb Code     0  startup_stm32f407xx.o(.text)
    CAN2_RX1_IRQHandler                      0x080001b7   Thumb Code     0  startup_stm32f407xx.o(.text)
    CAN2_SCE_IRQHandler                      0x080001b7   Thumb Code     0  startup_stm32f407xx.o(.text)
    CAN2_TX_IRQHandler                       0x080001b7   Thumb Code     0  startup_stm32f407xx.o(.text)
    DCMI_IRQHandler                          0x080001b7   Thumb Code     0  startup_stm32f407xx.o(.text)
    DMA1_Stream0_IRQHandler                  0x080001b7   Thumb Code     0  startup_stm32f407xx.o(.text)
    DMA1_Stream1_IRQHandler                  0x080001b7   Thumb Code     0  startup_stm32f407xx.o(.text)
    DMA1_Stream2_IRQHandler                  0x080001b7   Thumb Code     0  startup_stm32f407xx.o(.text)
    DMA1_Stream3_IRQHandler                  0x080001b7   Thumb Code     0  startup_stm32f407xx.o(.text)
    DMA1_Stream4_IRQHandler                  0x080001b7   Thumb Code     0  startup_stm32f407xx.o(.text)
    DMA1_Stream5_IRQHandler                  0x080001b7   Thumb Code     0  startup_stm32f407xx.o(.text)
    DMA1_Stream7_IRQHandler                  0x080001b7   Thumb Code     0  startup_stm32f407xx.o(.text)
    DMA2_Stream0_IRQHandler                  0x080001b7   Thumb Code     0  startup_stm32f407xx.o(.text)
    DMA2_Stream1_IRQHandler                  0x080001b7   Thumb Code     0  startup_stm32f407xx.o(.text)
    DMA2_Stream3_IRQHandler                  0x080001b7   Thumb Code     0  startup_stm32f407xx.o(.text)
    DMA2_Stream4_IRQHandler                  0x080001b7   Thumb Code     0  startup_stm32f407xx.o(.text)
    DMA2_Stream5_IRQHandler                  0x080001b7   Thumb Code     0  startup_stm32f407xx.o(.text)
    DMA2_Stream6_IRQHandler                  0x080001b7   Thumb Code     0  startup_stm32f407xx.o(.text)
    DMA2_Stream7_IRQHandler                  0x080001b7   Thumb Code     0  startup_stm32f407xx.o(.text)
    ETH_IRQHandler                           0x080001b7   Thumb Code     0  startup_stm32f407xx.o(.text)
    ETH_WKUP_IRQHandler                      0x080001b7   Thumb Code     0  startup_stm32f407xx.o(.text)
    EXTI0_IRQHandler                         0x080001b7   Thumb Code     0  startup_stm32f407xx.o(.text)
    EXTI15_10_IRQHandler                     0x080001b7   Thumb Code     0  startup_stm32f407xx.o(.text)
    EXTI1_IRQHandler                         0x080001b7   Thumb Code     0  startup_stm32f407xx.o(.text)
    EXTI2_IRQHandler                         0x080001b7   Thumb Code     0  startup_stm32f407xx.o(.text)
    EXTI3_IRQHandler                         0x080001b7   Thumb Code     0  startup_stm32f407xx.o(.text)
    EXTI4_IRQHandler                         0x080001b7   Thumb Code     0  startup_stm32f407xx.o(.text)
    EXTI9_5_IRQHandler                       0x080001b7   Thumb Code     0  startup_stm32f407xx.o(.text)
    FLASH_IRQHandler                         0x080001b7   Thumb Code     0  startup_stm32f407xx.o(.text)
    FMC_IRQHandler                           0x080001b7   Thumb Code     0  startup_stm32f407xx.o(.text)
    FPU_IRQHandler                           0x080001b7   Thumb Code     0  startup_stm32f407xx.o(.text)
    HASH_RNG_IRQHandler                      0x080001b7   Thumb Code     0  startup_stm32f407xx.o(.text)
    I2C1_ER_IRQHandler                       0x080001b7   Thumb Code     0  startup_stm32f407xx.o(.text)
    I2C1_EV_IRQHandler                       0x080001b7   Thumb Code     0  startup_stm32f407xx.o(.text)
    I2C2_ER_IRQHandler                       0x080001b7   Thumb Code     0  startup_stm32f407xx.o(.text)
    I2C2_EV_IRQHandler                       0x080001b7   Thumb Code     0  startup_stm32f407xx.o(.text)
    I2C3_ER_IRQHandler                       0x080001b7   Thumb Code     0  startup_stm32f407xx.o(.text)
    I2C3_EV_IRQHandler                       0x080001b7   Thumb Code     0  startup_stm32f407xx.o(.text)
    OTG_FS_IRQHandler                        0x080001b7   Thumb Code     0  startup_stm32f407xx.o(.text)
    OTG_FS_WKUP_IRQHandler                   0x080001b7   Thumb Code     0  startup_stm32f407xx.o(.text)
    OTG_HS_EP1_IN_IRQHandler                 0x080001b7   Thumb Code     0  startup_stm32f407xx.o(.text)
    OTG_HS_EP1_OUT_IRQHandler                0x080001b7   Thumb Code     0  startup_stm32f407xx.o(.text)
    OTG_HS_IRQHandler                        0x080001b7   Thumb Code     0  startup_stm32f407xx.o(.text)
    OTG_HS_WKUP_IRQHandler                   0x080001b7   Thumb Code     0  startup_stm32f407xx.o(.text)
    PVD_IRQHandler                           0x080001b7   Thumb Code     0  startup_stm32f407xx.o(.text)
    RCC_IRQHandler                           0x080001b7   Thumb Code     0  startup_stm32f407xx.o(.text)
    RTC_Alarm_IRQHandler                     0x080001b7   Thumb Code     0  startup_stm32f407xx.o(.text)
    RTC_WKUP_IRQHandler                      0x080001b7   Thumb Code     0  startup_stm32f407xx.o(.text)
    SDIO_IRQHandler                          0x080001b7   Thumb Code     0  startup_stm32f407xx.o(.text)
    SPI1_IRQHandler                          0x080001b7   Thumb Code     0  startup_stm32f407xx.o(.text)
    SPI2_IRQHandler                          0x080001b7   Thumb Code     0  startup_stm32f407xx.o(.text)
    SPI3_IRQHandler                          0x080001b7   Thumb Code     0  startup_stm32f407xx.o(.text)
    TAMP_STAMP_IRQHandler                    0x080001b7   Thumb Code     0  startup_stm32f407xx.o(.text)
    TIM1_BRK_TIM9_IRQHandler                 0x080001b7   Thumb Code     0  startup_stm32f407xx.o(.text)
    TIM1_CC_IRQHandler                       0x080001b7   Thumb Code     0  startup_stm32f407xx.o(.text)
    TIM1_TRG_COM_TIM11_IRQHandler            0x080001b7   Thumb Code     0  startup_stm32f407xx.o(.text)
    TIM1_UP_TIM10_IRQHandler                 0x080001b7   Thumb Code     0  startup_stm32f407xx.o(.text)
    TIM2_IRQHandler                          0x080001b7   Thumb Code     0  startup_stm32f407xx.o(.text)
    TIM5_IRQHandler                          0x080001b7   Thumb Code     0  startup_stm32f407xx.o(.text)
    TIM7_IRQHandler                          0x080001b7   Thumb Code     0  startup_stm32f407xx.o(.text)
    TIM8_BRK_TIM12_IRQHandler                0x080001b7   Thumb Code     0  startup_stm32f407xx.o(.text)
    TIM8_CC_IRQHandler                       0x080001b7   Thumb Code     0  startup_stm32f407xx.o(.text)
    TIM8_TRG_COM_TIM14_IRQHandler            0x080001b7   Thumb Code     0  startup_stm32f407xx.o(.text)
    TIM8_UP_TIM13_IRQHandler                 0x080001b7   Thumb Code     0  startup_stm32f407xx.o(.text)
    UART4_IRQHandler                         0x080001b7   Thumb Code     0  startup_stm32f407xx.o(.text)
    UART5_IRQHandler                         0x080001b7   Thumb Code     0  startup_stm32f407xx.o(.text)
    USART1_IRQHandler                        0x080001b7   Thumb Code     0  startup_stm32f407xx.o(.text)
    USART3_IRQHandler                        0x080001b7   Thumb Code     0  startup_stm32f407xx.o(.text)
    USART6_IRQHandler                        0x080001b7   Thumb Code     0  startup_stm32f407xx.o(.text)
    WWDG_IRQHandler                          0x080001b7   Thumb Code     0  startup_stm32f407xx.o(.text)
    __aeabi_uldivmod                         0x080001c1   Thumb Code    98  uldiv.o(.text)
    __aeabi_memcpy                           0x08000223   Thumb Code    36  memcpya.o(.text)
    __aeabi_memcpy4                          0x08000223   Thumb Code     0  memcpya.o(.text)
    __aeabi_memcpy8                          0x08000223   Thumb Code     0  memcpya.o(.text)
    __aeabi_memset                           0x08000247   Thumb Code    14  memseta.o(.text)
    __aeabi_memset4                          0x08000247   Thumb Code     0  memseta.o(.text)
    __aeabi_memset8                          0x08000247   Thumb Code     0  memseta.o(.text)
    __aeabi_memclr                           0x08000255   Thumb Code     4  memseta.o(.text)
    __aeabi_memclr4                          0x08000255   Thumb Code     0  memseta.o(.text)
    __aeabi_memclr8                          0x08000255   Thumb Code     0  memseta.o(.text)
    _memset$wrapper                          0x08000259   Thumb Code    18  memseta.o(.text)
    __aeabi_dmul                             0x0800026b   Thumb Code   228  dmul.o(.text)
    __aeabi_ddiv                             0x0800034f   Thumb Code   222  ddiv.o(.text)
    __aeabi_i2d                              0x0800042d   Thumb Code    34  dflti.o(.text)
    __aeabi_f2d                              0x0800044f   Thumb Code    38  f2d.o(.text)
    __aeabi_d2f                              0x08000475   Thumb Code    56  d2f.o(.text)
    __aeabi_llsl                             0x080004ad   Thumb Code    30  llshl.o(.text)
    _ll_shift_l                              0x080004ad   Thumb Code     0  llshl.o(.text)
    __aeabi_llsr                             0x080004cb   Thumb Code    32  llushr.o(.text)
    _ll_ushift_r                             0x080004cb   Thumb Code     0  llushr.o(.text)
    __I$use$fp                               0x080004eb   Thumb Code     0  iusefp.o(.text)
    _float_round                             0x080004eb   Thumb Code    18  fepilogue.o(.text)
    _float_epilogue                          0x080004fd   Thumb Code    92  fepilogue.o(.text)
    _double_round                            0x08000559   Thumb Code    30  depilogue.o(.text)
    _double_epilogue                         0x08000577   Thumb Code   156  depilogue.o(.text)
    __scatterload                            0x08000615   Thumb Code    28  init.o(.text)
    __scatterload_rt2                        0x08000615   Thumb Code     0  init.o(.text)
    BusFault_Handler                         0x08000639   Thumb Code     4  stm32f4xx_it.o(.text.BusFault_Handler)
    DMA1_Stream6_IRQHandler                  0x0800063d   Thumb Code    50  stm32f4xx_it.o(.text.DMA1_Stream6_IRQHandler)
    DMA2_Stream2_IRQHandler                  0x08000671   Thumb Code    76  stm32f4xx_it.o(.text.DMA2_Stream2_IRQHandler)
    DebugMon_Handler                         0x08000855   Thumb Code     2  stm32f4xx_it.o(.text.DebugMon_Handler)
    EncoderDMA_NoSynchro                     0x08000859   Thumb Code   388  main.o(.text.EncoderDMA_NoSynchro)
    EncoderDMA_Synchro                       0x080009dd   Thumb Code   174  main.o(.text.EncoderDMA_Synchro)
    Error_Handler                            0x08000a8d   Thumb Code    14  main.o(.text.Error_Handler)
    HAL_DMA_IRQHandler                       0x08000a9d   Thumb Code   798  stm32f4xx_hal_dma.o(.text.HAL_DMA_IRQHandler)
    HAL_DMA_Init                             0x08000dbd   Thumb Code   366  stm32f4xx_hal_dma.o(.text.HAL_DMA_Init)
    HAL_DMA_Start_IT                         0x08000f2d   Thumb Code   194  stm32f4xx_hal_dma.o(.text.HAL_DMA_Start_IT)
    HAL_GPIO_Init                            0x08000ff1   Thumb Code   950  stm32f4xx_hal_gpio.o(.text.HAL_GPIO_Init)
    HAL_GPIO_WritePin                        0x080013a9   Thumb Code    46  stm32f4xx_hal_gpio.o(.text.HAL_GPIO_WritePin)
    HAL_GetTick                              0x080013d9   Thumb Code    12  stm32f4xx_hal.o(.text.HAL_GetTick)
    HAL_IncTick                              0x080013e5   Thumb Code    26  stm32f4xx_hal.o(.text.HAL_IncTick)
    HAL_Init                                 0x08001401   Thumb Code    60  stm32f4xx_hal.o(.text.HAL_Init)
    HAL_InitTick                             0x0800143d   Thumb Code   112  stm32f4xx_hal.o(.text.HAL_InitTick)
    HAL_MspInit                              0x080014ad   Thumb Code    82  stm32f4xx_hal_msp.o(.text.HAL_MspInit)
    HAL_NVIC_EnableIRQ                       0x08001501   Thumb Code    20  stm32f4xx_hal_cortex.o(.text.HAL_NVIC_EnableIRQ)
    HAL_NVIC_SetPriority                     0x08001515   Thumb Code    50  stm32f4xx_hal_cortex.o(.text.HAL_NVIC_SetPriority)
    HAL_NVIC_SetPriorityGrouping             0x08001549   Thumb Code    16  stm32f4xx_hal_cortex.o(.text.HAL_NVIC_SetPriorityGrouping)
    HAL_RCC_ClockConfig                      0x08001559   Thumb Code   610  stm32f4xx_hal_rcc.o(.text.HAL_RCC_ClockConfig)
    HAL_RCC_GetHCLKFreq                      0x080017bd   Thumb Code    12  stm32f4xx_hal_rcc.o(.text.HAL_RCC_GetHCLKFreq)
    HAL_RCC_GetPCLK1Freq                     0x080017c9   Thumb Code    34  stm32f4xx_hal_rcc.o(.text.HAL_RCC_GetPCLK1Freq)
    HAL_RCC_GetPCLK2Freq                     0x080017ed   Thumb Code    34  stm32f4xx_hal_rcc.o(.text.HAL_RCC_GetPCLK2Freq)
    HAL_RCC_GetSysClockFreq                  0x08001811   Thumb Code   230  stm32f4xx_hal_rcc.o(.text.HAL_RCC_GetSysClockFreq)
    HAL_RCC_OscConfig                        0x080018f9   Thumb Code  1726  stm32f4xx_hal_rcc.o(.text.HAL_RCC_OscConfig)
    HAL_SYSTICK_Config                       0x08001fb9   Thumb Code    16  stm32f4xx_hal_cortex.o(.text.HAL_SYSTICK_Config)
    HAL_TIMEx_MasterConfigSynchronization    0x08001fc9   Thumb Code   290  stm32f4xx_hal_tim_ex.o(.text.HAL_TIMEx_MasterConfigSynchronization)
    HAL_TIM_Base_Init                        0x080020ed   Thumb Code   156  stm32f4xx_hal_tim.o(.text.HAL_TIM_Base_Init)
    HAL_TIM_Base_MspInit                     0x08002189   Thumb Code   156  tim.o(.text.HAL_TIM_Base_MspInit)
    HAL_TIM_Base_Start_IT                    0x08002225   Thumb Code   246  stm32f4xx_hal_tim.o(.text.HAL_TIM_Base_Start_IT)
    HAL_TIM_ConfigClockSource                0x0800231d   Thumb Code   388  stm32f4xx_hal_tim.o(.text.HAL_TIM_ConfigClockSource)
    HAL_UARTEx_RxEventCallback               0x080024a1   Thumb Code    12  stm32f4xx_hal_uart.o(.text.HAL_UARTEx_RxEventCallback)
    HAL_UART_ErrorCallback                   0x080024ad   Thumb Code     8  stm32f4xx_hal_uart.o(.text.HAL_UART_ErrorCallback)
    HAL_UART_Init                            0x080024b5   Thumb Code   154  stm32f4xx_hal_uart.o(.text.HAL_UART_Init)
    HAL_UART_MspInit                         0x08002551   Thumb Code   476  usart.o(.text.HAL_UART_MspInit)
    HAL_UART_Receive_DMA                     0x0800272d   Thumb Code   120  stm32f4xx_hal_uart.o(.text.HAL_UART_Receive_DMA)
    HAL_UART_RxCpltCallback                  0x080027a5   Thumb Code     8  stm32f4xx_hal_uart.o(.text.HAL_UART_RxCpltCallback)
    HAL_UART_RxHalfCpltCallback              0x080027ad   Thumb Code     8  stm32f4xx_hal_uart.o(.text.HAL_UART_RxHalfCpltCallback)
    HAL_UART_Transmit_DMA                    0x080027b5   Thumb Code   272  stm32f4xx_hal_uart.o(.text.HAL_UART_Transmit_DMA)
    HAL_UART_TxCpltCallback                  0x080028c5   Thumb Code     8  stm32f4xx_hal_uart.o(.text.HAL_UART_TxCpltCallback)
    HAL_UART_TxHalfCpltCallback              0x080028cd   Thumb Code     8  stm32f4xx_hal_uart.o(.text.HAL_UART_TxHalfCpltCallback)
    HardFault_Handler                        0x080028d5   Thumb Code     4  stm32f4xx_it.o(.text.HardFault_Handler)
    MX_DMA_Init                              0x080028d9   Thumb Code   114  dma.o(.text.MX_DMA_Init)
    MX_GPIO_Init                             0x0800294d   Thumb Code   416  gpio.o(.text.MX_GPIO_Init)
    MX_TIM3_Init                             0x08002aed   Thumb Code   132  tim.o(.text.MX_TIM3_Init)
    MX_TIM6_Init                             0x08002b71   Thumb Code    88  tim.o(.text.MX_TIM6_Init)
    MX_USART1_UART_Init                      0x08002bc9   Thumb Code    68  usart.o(.text.MX_USART1_UART_Init)
    MX_USART2_UART_Init                      0x08002c0d   Thumb Code    68  usart.o(.text.MX_USART2_UART_Init)
    MemManage_Handler                        0x08002c51   Thumb Code     4  stm32f4xx_it.o(.text.MemManage_Handler)
    NMI_Handler                              0x08002c55   Thumb Code     4  stm32f4xx_it.o(.text.NMI_Handler)
    PendSV_Handler                           0x08002cc5   Thumb Code     2  stm32f4xx_it.o(.text.PendSV_Handler)
    SVC_Handler                              0x08002cc9   Thumb Code     2  stm32f4xx_it.o(.text.SVC_Handler)
    SysTick_Handler                          0x08002d21   Thumb Code     8  stm32f4xx_it.o(.text.SysTick_Handler)
    SystemClock_Config                       0x08002d29   Thumb Code   186  main.o(.text.SystemClock_Config)
    SystemInit                               0x08002de5   Thumb Code    18  system_stm32f4xx.o(.text.SystemInit)
    TIM1_Init                                0x08002df9   Thumb Code   152  tim.o(.text.TIM1_Init)
    TIM3_IRQHandler                          0x08002e91   Thumb Code   600  stm32f4xx_it.o(.text.TIM3_IRQHandler)
    TIM4_IRQHandler                          0x080030e9   Thumb Code    62  stm32f4xx_it.o(.text.TIM4_IRQHandler)
    TIM4_Init                                0x08003129   Thumb Code   184  tim.o(.text.TIM4_Init)
    TIM6_DAC_IRQHandler                      0x080031e1   Thumb Code  1112  stm32f4xx_it.o(.text.TIM6_DAC_IRQHandler)
    TIM_Base_SetConfig                       0x08003639   Thumb Code   410  stm32f4xx_hal_tim.o(.text.TIM_Base_SetConfig)
    TIM_ETR_SetConfig                        0x080037d5   Thumb Code    52  stm32f4xx_hal_tim.o(.text.TIM_ETR_SetConfig)
    UART_Start_Receive_DMA                   0x08003d11   Thumb Code   270  stm32f4xx_hal_uart.o(.text.UART_Start_Receive_DMA)
    USART2_IRQHandler                        0x08003e21   Thumb Code    92  stm32f4xx_it.o(.text.USART2_IRQHandler)
    UsageFault_Handler                       0x08003e7d   Thumb Code     4  stm32f4xx_it.o(.text.UsageFault_Handler)
    calcCRC                                  0x08003f71   Thumb Code   138  binary_support.o(.text.calcCRC)
    main                                     0x08003ffd   Thumb Code  1024  main.o(.text.main)
    __ARM_fpclassifyf                        0x080043fd   Thumb Code    38  fpclassifyf.o(i.__ARM_fpclassifyf)
    __hardfp_sinf                            0x08004425   Thumb Code   344  sinf.o(i.__hardfp_sinf)
    __mathlib_flt_infnan                     0x080045b5   Thumb Code     6  funder.o(i.__mathlib_flt_infnan)
    __mathlib_flt_invalid                    0x080045bd   Thumb Code    10  funder.o(i.__mathlib_flt_invalid)
    __mathlib_flt_underflow                  0x080045cd   Thumb Code    10  funder.o(i.__mathlib_flt_underflow)
    __mathlib_rredf2                         0x080045dd   Thumb Code   316  rredf.o(i.__mathlib_rredf2)
    __scatterload_copy                       0x08004731   Thumb Code    14  handlers.o(i.__scatterload_copy)
    __scatterload_null                       0x0800473f   Thumb Code     2  handlers.o(i.__scatterload_null)
    __scatterload_zeroinit                   0x08004741   Thumb Code    14  handlers.o(i.__scatterload_zeroinit)
    __set_errno                              0x08004751   Thumb Code     6  errno.o(i.__set_errno)
    AHBPrescTable                            0x0800477c   Data          16  system_stm32f4xx.o(.rodata.AHBPrescTable)
    APBPrescTable                            0x0800478c   Data           8  system_stm32f4xx.o(.rodata.APBPrescTable)
    PWM_DIR_STATE                            0x0800479c   Data           8  stm32f4xx_it.o(.rodata.PWM_DIR_STATE)
    Region$$Table$$Base                      0x080047a4   Number         0  anon$$obj.o(Region$$Table)
    Region$$Table$$Limit                     0x080047c4   Number         0  anon$$obj.o(Region$$Table)
    FREQ_DATA_SEND_OK                        0x20000004   Data           1  main.o(.data.FREQ_DATA_SEND_OK)
    SystemCoreClock                          0x20000008   Data           4  system_stm32f4xx.o(.data.SystemCoreClock)
    freq_base                                0x20000010   Data           2  stm32f4xx_it.o(.data.freq_base)
    freq_base_current                        0x20000012   Data           2  stm32f4xx_it.o(.data.freq_base_current)
    freq_base_period                         0x20000014   Data           2  stm32f4xx_it.o(.data.freq_base_period)
    freq_base_prev                           0x20000016   Data           2  stm32f4xx_it.o(.data.freq_base_prev)
    uwTickFreq                               0x2000001c   Data           1  stm32f4xx_hal.o(.data.uwTickFreq)
    uwTickPrio                               0x20000020   Data           4  stm32f4xx_hal.o(.data.uwTickPrio)
    EncoderHandler                           0x20000028   Data           4  main.o(.bss.EncoderHandler)
    FREQ_START                               0x2000002c   Data           1  main.o(.bss.FREQ_START)
    FREQ_UART_BUFFER                         0x20000030   Data       20000  main.o(.bss.FREQ_UART_BUFFER)
    FREQ_UART_Rx                             0x20004e50   Data           1  main.o(.bss.FREQ_UART_Rx)
    FREQ_queue                               0x20004e52   Data        3000  main.o(.bss.FREQ_queue)
    FREQ_uart_received                       0x20005a0a   Data           1  main.o(.bss.FREQ_uart_received)
    arr                                      0x20005d34   Data           2  stm32f4xx_it.o(.bss.arr)
    calculated_check                         0x20005d36   Data           1  main.o(.bss.calculated_check)
    checkError                               0x20005d38   Data           2  main.o(.bss.checkError)
    command_transmit_error_num               0x20005d3c   Data           4  main.o(.bss.command_transmit_error_num)
    crc                                      0x20005d42   Data           2  main.o(.bss.crc)
    data_transmit_error_num                  0x20005d44   Data           4  main.o(.bss.data_transmit_error_num)
    error_position                           0x20005d48   Data           4  stm32f4xx_it.o(.bss.error_position)
    freq_loc                                 0x20005d4e   Data           2  main.o(.bss.freq_loc)
    freq_queue_overrun_count                 0x20005d50   Data           4  main.o(.bss.freq_queue_overrun_count)
    freq_queue_pt                            0x20005d54   Data           2  stm32f4xx_it.o(.bss.freq_queue_pt)
    freq_queue_pt_local                      0x20005d56   Data           2  main.o(.bss.freq_queue_pt_local)
    hdma_usart1_rx                           0x20005d58   Data          96  usart.o(.bss.hdma_usart1_rx)
    hdma_usart2_tx                           0x20005db8   Data          96  usart.o(.bss.hdma_usart2_tx)
    htim3                                    0x20005e18   Data          72  tim.o(.bss.htim3)
    htim6                                    0x20005e60   Data          72  tim.o(.bss.htim6)
    huart1                                   0x20005ea8   Data          68  usart.o(.bss.huart1)
    huart2                                   0x20005eec   Data          68  usart.o(.bss.huart2)
    intPos                                   0x20005f30   Data           4  main.o(.bss.intPos)
    intPosCurrent                            0x20005f34   Data           4  main.o(.bss.intPosCurrent)
    intPosDelta                              0x20005f38   Data           4  main.o(.bss.intPosDelta)
    intPosGoal                               0x20005f3c   Data           4  stm32f4xx_it.o(.bss.intPosGoal)
    intPosGoal_32                            0x20005f40   Data           4  stm32f4xx_it.o(.bss.intPosGoal_32)
    intPosPrev                               0x20005f44   Data           4  main.o(.bss.intPosPrev)
    last_intPosGoal                          0x20005f48   Data           4  stm32f4xx_it.o(.bss.last_intPosGoal)
    num_loc                                  0x20005f4c   Data           2  main.o(.bss.num_loc)
    pack                                     0x20005f4e   Data           6  main.o(.bss.pack)
    pt_loc                                   0x20005f56   Data           2  main.o(.bss.pt_loc)
    rec_count                                0x20005f58   Data           1  main.o(.bss.rec_count)
    ring_buf_first                           0x20005f59   Data           1  main.o(.bss.ring_buf_first)
    state                                    0x20005f5a   Data           1  main.o(.bss.state)
    status_check                             0x20005f5b   Data           1  main.o(.bss.status_check)
    test_command                             0x20005f5c   Data           1  main.o(.bss.test_command)
    total_pack_num                           0x20005f60   Data           4  main.o(.bss.total_pack_num)
    total_packet_num                         0x20005f64   Data           4  stm32f4xx_it.o(.bss.total_packet_num)
    total_pulse                              0x20005f68   Data           4  stm32f4xx_it.o(.bss.total_pulse)
    uwTick                                   0x20005f6c   Data           4  stm32f4xx_hal.o(.bss.uwTick)
    __initial_sp                             0x20010d70   Data           0  startup_stm32f407xx.o(STACK)



==============================================================================

Memory Map of the image

  Image Entry point : 0x08000189

  Load Region LR_IROM1 (Base: 0x08000000, Size: 0x000047f0, Max: 0x00100000, ABSOLUTE)

    Execution Region ER_IROM1 (Exec base: 0x08000000, Load base: 0x08000000, Size: 0x000047c4, Max: 0x00100000, ABSOLUTE)

    Exec Addr    Load Addr    Size         Type   Attr      Idx    E Section Name        Object

    0x08000000   0x08000000   0x00000188   Data   RO            3    RESET               startup_stm32f407xx.o
    0x08000188   0x08000188   0x00000000   Code   RO         1124  * .ARM.Collect$$$$00000000  mc_w.l(entry.o)
    0x08000188   0x08000188   0x00000004   Code   RO         1164    .ARM.Collect$$$$00000001  mc_w.l(entry2.o)
    0x0800018c   0x0800018c   0x00000004   Code   RO         1167    .ARM.Collect$$$$00000004  mc_w.l(entry5.o)
    0x08000190   0x08000190   0x00000000   Code   RO         1169    .ARM.Collect$$$$00000008  mc_w.l(entry7b.o)
    0x08000190   0x08000190   0x00000000   Code   RO         1171    .ARM.Collect$$$$0000000A  mc_w.l(entry8b.o)
    0x08000190   0x08000190   0x00000008   Code   RO         1172    .ARM.Collect$$$$0000000B  mc_w.l(entry9a.o)
    0x08000198   0x08000198   0x00000000   Code   RO         1174    .ARM.Collect$$$$0000000D  mc_w.l(entry10a.o)
    0x08000198   0x08000198   0x00000000   Code   RO         1176    .ARM.Collect$$$$0000000F  mc_w.l(entry11a.o)
    0x08000198   0x08000198   0x00000004   Code   RO         1165    .ARM.Collect$$$$00002712  mc_w.l(entry2.o)
    0x0800019c   0x0800019c   0x00000024   Code   RO            4    .text               startup_stm32f407xx.o
    0x080001c0   0x080001c0   0x00000062   Code   RO         1127    .text               mc_w.l(uldiv.o)
    0x08000222   0x08000222   0x00000024   Code   RO         1129    .text               mc_w.l(memcpya.o)
    0x08000246   0x08000246   0x00000024   Code   RO         1131    .text               mc_w.l(memseta.o)
    0x0800026a   0x0800026a   0x000000e4   Code   RO         1135    .text               mf_w.l(dmul.o)
    0x0800034e   0x0800034e   0x000000de   Code   RO         1137    .text               mf_w.l(ddiv.o)
    0x0800042c   0x0800042c   0x00000022   Code   RO         1139    .text               mf_w.l(dflti.o)
    0x0800044e   0x0800044e   0x00000026   Code   RO         1141    .text               mf_w.l(f2d.o)
    0x08000474   0x08000474   0x00000038   Code   RO         1143    .text               mf_w.l(d2f.o)
    0x080004ac   0x080004ac   0x0000001e   Code   RO         1178    .text               mc_w.l(llshl.o)
    0x080004ca   0x080004ca   0x00000020   Code   RO         1180    .text               mc_w.l(llushr.o)
    0x080004ea   0x080004ea   0x00000000   Code   RO         1189    .text               mc_w.l(iusefp.o)
    0x080004ea   0x080004ea   0x0000006e   Code   RO         1190    .text               mf_w.l(fepilogue.o)
    0x08000558   0x08000558   0x000000ba   Code   RO         1192    .text               mf_w.l(depilogue.o)
    0x08000612   0x08000612   0x00000002   PAD
    0x08000614   0x08000614   0x00000024   Code   RO         1194    .text               mc_w.l(init.o)
    0x08000638   0x08000638   0x00000004   Code   RO          145    .text.BusFault_Handler  stm32f4xx_it.o
    0x0800063c   0x0800063c   0x00000032   Code   RO          157    .text.DMA1_Stream6_IRQHandler  stm32f4xx_it.o
    0x0800066e   0x0800066e   0x00000002   PAD
    0x08000670   0x08000670   0x0000004c   Code   RO          167    .text.DMA2_Stream2_IRQHandler  stm32f4xx_it.o
    0x080006bc   0x080006bc   0x00000056   Code   RO          722    .text.DMA_CalcBaseAndBitshift  stm32f4xx_hal_dma.o
    0x08000712   0x08000712   0x00000002   PAD
    0x08000714   0x08000714   0x000000f0   Code   RO          720    .text.DMA_CheckFifoParam  stm32f4xx_hal_dma.o
    0x08000804   0x08000804   0x00000050   Code   RO          728    .text.DMA_SetConfig  stm32f4xx_hal_dma.o
    0x08000854   0x08000854   0x00000002   Code   RO          151    .text.DebugMon_Handler  stm32f4xx_it.o
    0x08000856   0x08000856   0x00000002   PAD
    0x08000858   0x08000858   0x00000184   Code   RO           34    .text.EncoderDMA_NoSynchro  main.o
    0x080009dc   0x080009dc   0x000000ae   Code   RO           38    .text.EncoderDMA_Synchro  main.o
    0x08000a8a   0x08000a8a   0x00000002   PAD
    0x08000a8c   0x08000a8c   0x0000000e   Code   RO           36    .text.Error_Handler  main.o
    0x08000a9a   0x08000a9a   0x00000002   PAD
    0x08000a9c   0x08000a9c   0x0000031e   Code   RO          738    .text.HAL_DMA_IRQHandler  stm32f4xx_hal_dma.o
    0x08000dba   0x08000dba   0x00000002   PAD
    0x08000dbc   0x08000dbc   0x0000016e   Code   RO          718    .text.HAL_DMA_Init  stm32f4xx_hal_dma.o
    0x08000f2a   0x08000f2a   0x00000002   PAD
    0x08000f2c   0x08000f2c   0x000000c2   Code   RO          730    .text.HAL_DMA_Start_IT  stm32f4xx_hal_dma.o
    0x08000fee   0x08000fee   0x00000002   PAD
    0x08000ff0   0x08000ff0   0x000003b6   Code   RO          680    .text.HAL_GPIO_Init  stm32f4xx_hal_gpio.o
    0x080013a6   0x080013a6   0x00000002   PAD
    0x080013a8   0x080013a8   0x0000002e   Code   RO          686    .text.HAL_GPIO_WritePin  stm32f4xx_hal_gpio.o
    0x080013d6   0x080013d6   0x00000002   PAD
    0x080013d8   0x080013d8   0x0000000c   Code   RO          899    .text.HAL_GetTick   stm32f4xx_hal.o
    0x080013e4   0x080013e4   0x0000001a   Code   RO          897    .text.HAL_IncTick   stm32f4xx_hal.o
    0x080013fe   0x080013fe   0x00000002   PAD
    0x08001400   0x08001400   0x0000003c   Code   RO          887    .text.HAL_Init      stm32f4xx_hal.o
    0x0800143c   0x0800143c   0x00000070   Code   RO          889    .text.HAL_InitTick  stm32f4xx_hal.o
    0x080014ac   0x080014ac   0x00000052   Code   RO          200    .text.HAL_MspInit   stm32f4xx_hal_msp.o
    0x080014fe   0x080014fe   0x00000002   PAD
    0x08001500   0x08001500   0x00000014   Code   RO          828    .text.HAL_NVIC_EnableIRQ  stm32f4xx_hal_cortex.o
    0x08001514   0x08001514   0x00000032   Code   RO          820    .text.HAL_NVIC_SetPriority  stm32f4xx_hal_cortex.o
    0x08001546   0x08001546   0x00000002   PAD
    0x08001548   0x08001548   0x00000010   Code   RO          816    .text.HAL_NVIC_SetPriorityGrouping  stm32f4xx_hal_cortex.o
    0x08001558   0x08001558   0x00000262   Code   RO          548    .text.HAL_RCC_ClockConfig  stm32f4xx_hal_rcc.o
    0x080017ba   0x080017ba   0x00000002   PAD
    0x080017bc   0x080017bc   0x0000000c   Code   RO          558    .text.HAL_RCC_GetHCLKFreq  stm32f4xx_hal_rcc.o
    0x080017c8   0x080017c8   0x00000022   Code   RO          560    .text.HAL_RCC_GetPCLK1Freq  stm32f4xx_hal_rcc.o
    0x080017ea   0x080017ea   0x00000002   PAD
    0x080017ec   0x080017ec   0x00000022   Code   RO          562    .text.HAL_RCC_GetPCLK2Freq  stm32f4xx_hal_rcc.o
    0x0800180e   0x0800180e   0x00000002   PAD
    0x08001810   0x08001810   0x000000e6   Code   RO          550    .text.HAL_RCC_GetSysClockFreq  stm32f4xx_hal_rcc.o
    0x080018f6   0x080018f6   0x00000002   PAD
    0x080018f8   0x080018f8   0x000006be   Code   RO          546    .text.HAL_RCC_OscConfig  stm32f4xx_hal_rcc.o
    0x08001fb6   0x08001fb6   0x00000002   PAD
    0x08001fb8   0x08001fb8   0x00000010   Code   RO          840    .text.HAL_SYSTICK_Config  stm32f4xx_hal_cortex.o
    0x08001fc8   0x08001fc8   0x00000122   Code   RO          521    .text.HAL_TIMEx_MasterConfigSynchronization  stm32f4xx_hal_tim_ex.o
    0x080020ea   0x080020ea   0x00000002   PAD
    0x080020ec   0x080020ec   0x0000009c   Code   RO          208    .text.HAL_TIM_Base_Init  stm32f4xx_hal_tim.o
    0x08002188   0x08002188   0x0000009c   Code   RO          100    .text.HAL_TIM_Base_MspInit  tim.o
    0x08002224   0x08002224   0x000000f6   Code   RO          222    .text.HAL_TIM_Base_Start_IT  stm32f4xx_hal_tim.o
    0x0800231a   0x0800231a   0x00000002   PAD
    0x0800231c   0x0800231c   0x00000184   Code   RO          400    .text.HAL_TIM_ConfigClockSource  stm32f4xx_hal_tim.o
    0x080024a0   0x080024a0   0x0000000c   Code   RO         1066    .text.HAL_UARTEx_RxEventCallback  stm32f4xx_hal_uart.o
    0x080024ac   0x080024ac   0x00000008   Code   RO         1064    .text.HAL_UART_ErrorCallback  stm32f4xx_hal_uart.o
    0x080024b4   0x080024b4   0x0000009a   Code   RO          976    .text.HAL_UART_Init  stm32f4xx_hal_uart.o
    0x0800254e   0x0800254e   0x00000002   PAD
    0x08002550   0x08002550   0x000001dc   Code   RO          124    .text.HAL_UART_MspInit  usart.o
    0x0800272c   0x0800272c   0x00000078   Code   RO         1012    .text.HAL_UART_Receive_DMA  stm32f4xx_hal_uart.o
    0x080027a4   0x080027a4   0x00000008   Code   RO         1076    .text.HAL_UART_RxCpltCallback  stm32f4xx_hal_uart.o
    0x080027ac   0x080027ac   0x00000008   Code   RO         1078    .text.HAL_UART_RxHalfCpltCallback  stm32f4xx_hal_uart.o
    0x080027b4   0x080027b4   0x00000110   Code   RO         1004    .text.HAL_UART_Transmit_DMA  stm32f4xx_hal_uart.o
    0x080028c4   0x080028c4   0x00000008   Code   RO         1072    .text.HAL_UART_TxCpltCallback  stm32f4xx_hal_uart.o
    0x080028cc   0x080028cc   0x00000008   Code   RO         1074    .text.HAL_UART_TxHalfCpltCallback  stm32f4xx_hal_uart.o
    0x080028d4   0x080028d4   0x00000004   Code   RO          141    .text.HardFault_Handler  stm32f4xx_it.o
    0x080028d8   0x080028d8   0x00000072   Code   RO           88    .text.MX_DMA_Init   dma.o
    0x0800294a   0x0800294a   0x00000002   PAD
    0x0800294c   0x0800294c   0x000001a0   Code   RO           80    .text.MX_GPIO_Init  gpio.o
    0x08002aec   0x08002aec   0x00000084   Code   RO           96    .text.MX_TIM3_Init  tim.o
    0x08002b70   0x08002b70   0x00000058   Code   RO           98    .text.MX_TIM6_Init  tim.o
    0x08002bc8   0x08002bc8   0x00000044   Code   RO          120    .text.MX_USART1_UART_Init  usart.o
    0x08002c0c   0x08002c0c   0x00000044   Code   RO          122    .text.MX_USART2_UART_Init  usart.o
    0x08002c50   0x08002c50   0x00000004   Code   RO          143    .text.MemManage_Handler  stm32f4xx_it.o
    0x08002c54   0x08002c54   0x00000004   Code   RO          139    .text.NMI_Handler   stm32f4xx_it.o
    0x08002c58   0x08002c58   0x0000006c   Code   RO          826    .text.NVIC_EncodePriority  stm32f4xx_hal_cortex.o
    0x08002cc4   0x08002cc4   0x00000002   Code   RO          153    .text.PendSV_Handler  stm32f4xx_it.o
    0x08002cc6   0x08002cc6   0x00000002   PAD
    0x08002cc8   0x08002cc8   0x00000002   Code   RO          149    .text.SVC_Handler   stm32f4xx_it.o
    0x08002cca   0x08002cca   0x00000002   PAD
    0x08002ccc   0x08002ccc   0x00000052   Code   RO          842    .text.SysTick_Config  stm32f4xx_hal_cortex.o
    0x08002d1e   0x08002d1e   0x00000002   PAD
    0x08002d20   0x08002d20   0x00000008   Code   RO          155    .text.SysTick_Handler  stm32f4xx_it.o
    0x08002d28   0x08002d28   0x000000ba   Code   RO           32    .text.SystemClock_Config  main.o
    0x08002de2   0x08002de2   0x00000002   PAD
    0x08002de4   0x08002de4   0x00000012   Code   RO         1105    .text.SystemInit    system_stm32f4xx.o
    0x08002df6   0x08002df6   0x00000002   PAD
    0x08002df8   0x08002df8   0x00000098   Code   RO          106    .text.TIM1_Init     tim.o
    0x08002e90   0x08002e90   0x00000258   Code   RO          163    .text.TIM3_IRQHandler  stm32f4xx_it.o
    0x080030e8   0x080030e8   0x0000003e   Code   RO          159    .text.TIM4_IRQHandler  stm32f4xx_it.o
    0x08003126   0x08003126   0x00000002   PAD
    0x08003128   0x08003128   0x000000b8   Code   RO          108    .text.TIM4_Init     tim.o
    0x080031e0   0x080031e0   0x00000458   Code   RO          161    .text.TIM6_DAC_IRQHandler  stm32f4xx_it.o
    0x08003638   0x08003638   0x0000019a   Code   RO          212    .text.TIM_Base_SetConfig  stm32f4xx_hal_tim.o
    0x080037d2   0x080037d2   0x00000002   PAD
    0x080037d4   0x080037d4   0x00000034   Code   RO          398    .text.TIM_ETR_SetConfig  stm32f4xx_hal_tim.o
    0x08003808   0x08003808   0x0000002a   Code   RO          404    .text.TIM_ITRx_SetConfig  stm32f4xx_hal_tim.o
    0x08003832   0x08003832   0x00000002   PAD
    0x08003834   0x08003834   0x00000050   Code   RO          402    .text.TIM_TI1_ConfigInputStage  stm32f4xx_hal_tim.o
    0x08003884   0x08003884   0x00000052   Code   RO          406    .text.TIM_TI2_ConfigInputStage  stm32f4xx_hal_tim.o
    0x080038d6   0x080038d6   0x00000002   PAD
    0x080038d8   0x080038d8   0x0000007c   Code   RO         1010    .text.UART_DMAError  stm32f4xx_hal_uart.o
    0x08003954   0x08003954   0x000000ee   Code   RO         1094    .text.UART_DMAReceiveCplt  stm32f4xx_hal_uart.o
    0x08003a42   0x08003a42   0x00000002   PAD
    0x08003a44   0x08003a44   0x0000002e   Code   RO         1096    .text.UART_DMARxHalfCplt  stm32f4xx_hal_uart.o
    0x08003a72   0x08003a72   0x00000002   PAD
    0x08003a74   0x08003a74   0x0000007a   Code   RO         1006    .text.UART_DMATransmitCplt  stm32f4xx_hal_uart.o
    0x08003aee   0x08003aee   0x00000002   PAD
    0x08003af0   0x08003af0   0x00000016   Code   RO         1008    .text.UART_DMATxHalfCplt  stm32f4xx_hal_uart.o
    0x08003b06   0x08003b06   0x00000002   PAD
    0x08003b08   0x08003b08   0x00000094   Code   RO         1024    .text.UART_EndRxTransfer  stm32f4xx_hal_uart.o
    0x08003b9c   0x08003b9c   0x00000036   Code   RO         1022    .text.UART_EndTxTransfer  stm32f4xx_hal_uart.o
    0x08003bd2   0x08003bd2   0x00000002   PAD
    0x08003bd4   0x08003bd4   0x0000013a   Code   RO          980    .text.UART_SetConfig  stm32f4xx_hal_uart.o
    0x08003d0e   0x08003d0e   0x00000002   PAD
    0x08003d10   0x08003d10   0x0000010e   Code   RO         1014    .text.UART_Start_Receive_DMA  stm32f4xx_hal_uart.o
    0x08003e1e   0x08003e1e   0x00000002   PAD
    0x08003e20   0x08003e20   0x0000005c   Code   RO          165    .text.USART2_IRQHandler  stm32f4xx_it.o
    0x08003e7c   0x08003e7c   0x00000004   Code   RO          147    .text.UsageFault_Handler  stm32f4xx_it.o
    0x08003e80   0x08003e80   0x00000030   Code   RO          102    .text.__NVIC_EnableIRQ  tim.o
    0x08003eb0   0x08003eb0   0x00000030   Code   RO          830    .text.__NVIC_EnableIRQ  stm32f4xx_hal_cortex.o
    0x08003ee0   0x08003ee0   0x00000010   Code   RO          822    .text.__NVIC_GetPriorityGrouping  stm32f4xx_hal_cortex.o
    0x08003ef0   0x08003ef0   0x00000042   Code   RO          824    .text.__NVIC_SetPriority  stm32f4xx_hal_cortex.o
    0x08003f32   0x08003f32   0x00000002   PAD
    0x08003f34   0x08003f34   0x0000003c   Code   RO          818    .text.__NVIC_SetPriorityGrouping  stm32f4xx_hal_cortex.o
    0x08003f70   0x08003f70   0x0000008a   Code   RO           11    .text.calcCRC       binary_support.o
    0x08003ffa   0x08003ffa   0x00000002   PAD
    0x08003ffc   0x08003ffc   0x00000400   Code   RO           30    .text.main          main.o
    0x080043fc   0x080043fc   0x00000026   Code   RO         1145    i.__ARM_fpclassifyf  m_wm.l(fpclassifyf.o)
    0x08004422   0x08004422   0x00000002   PAD
    0x08004424   0x08004424   0x00000190   Code   RO         1118    i.__hardfp_sinf     m_wm.l(sinf.o)
    0x080045b4   0x080045b4   0x00000006   Code   RO         1148    i.__mathlib_flt_infnan  m_wm.l(funder.o)
    0x080045ba   0x080045ba   0x00000002   PAD
    0x080045bc   0x080045bc   0x00000010   Code   RO         1150    i.__mathlib_flt_invalid  m_wm.l(funder.o)
    0x080045cc   0x080045cc   0x00000010   Code   RO         1153    i.__mathlib_flt_underflow  m_wm.l(funder.o)
    0x080045dc   0x080045dc   0x00000154   Code   RO         1161    i.__mathlib_rredf2  m_wm.l(rredf.o)
    0x08004730   0x08004730   0x0000000e   Code   RO         1198    i.__scatterload_copy  mc_w.l(handlers.o)
    0x0800473e   0x0800473e   0x00000002   Code   RO         1199    i.__scatterload_null  mc_w.l(handlers.o)
    0x08004740   0x08004740   0x0000000e   Code   RO         1200    i.__scatterload_zeroinit  mc_w.l(handlers.o)
    0x0800474e   0x0800474e   0x00000002   PAD
    0x08004750   0x08004750   0x0000000c   Code   RO         1184    i.__set_errno       mc_w.l(errno.o)
    0x0800475c   0x0800475c   0x00000020   Data   RO         1162    .constdata          m_wm.l(rredf.o)
    0x0800477c   0x0800477c   0x00000010   Data   RO         1110    .rodata.AHBPrescTable  system_stm32f4xx.o
    0x0800478c   0x0800478c   0x00000008   Data   RO         1111    .rodata.APBPrescTable  system_stm32f4xx.o
    0x08004794   0x08004794   0x00000008   Data   RO          748    .rodata.DMA_CalcBaseAndBitshift.flagBitshiftOffset  stm32f4xx_hal_dma.o
    0x0800479c   0x0800479c   0x00000008   Data   RO          169    .rodata.PWM_DIR_STATE  stm32f4xx_it.o
    0x080047a4   0x080047a4   0x00000020   Data   RO         1197    Region$$Table       anon$$obj.o


    Execution Region RW_IRAM1 (Exec base: 0x20000000, Load base: 0x080047c8, Size: 0x00010d70, Max: 0x00020000, ABSOLUTE)

    Exec Addr    Load Addr    Size         Type   Attr      Idx    E Section Name        Object

    0x20000000   0x080047c8   0x00000004   Data   RW         1185    .data               mc_w.l(errno.o)
    0x20000004   0x080047cc   0x00000001   Data   RW           44    .data.FREQ_DATA_SEND_OK  main.o
    0x20000005   0x080047cd   0x00000003   PAD
    0x20000008   0x080047d0   0x00000004   Data   RW         1109    .data.SystemCoreClock  system_stm32f4xx.o
    0x2000000c   0x080047d4   0x00000002   Data   RW          189    .data.count_max     stm32f4xx_it.o
    0x2000000e   0x080047d6   0x00000002   Data   RW          191    .data.count_step    stm32f4xx_it.o
    0x20000010   0x080047d8   0x00000002   Data   RW          175    .data.freq_base     stm32f4xx_it.o
    0x20000012   0x080047da   0x00000002   Data   RW          172    .data.freq_base_current  stm32f4xx_it.o
    0x20000014   0x080047dc   0x00000002   Data   RW          176    .data.freq_base_period  stm32f4xx_it.o
    0x20000016   0x080047de   0x00000002   Data   RW          173    .data.freq_base_prev  stm32f4xx_it.o
    0x20000018   0x080047e0   0x00000001   Data   RW          177    .data.next_pack     stm32f4xx_it.o
    0x20000019   0x080047e1   0x00000001   PAD
    0x2000001a   0x080047e2   0x00000002   Data   RW          192    .data.period_max    stm32f4xx_it.o
    0x2000001c   0x080047e4   0x00000001   Data   RW          942    .data.uwTickFreq    stm32f4xx_hal.o
    0x2000001d   0x080047e5   0x00000003   PAD
    0x20000020   0x080047e8   0x00000004   Data   RW          941    .data.uwTickPrio    stm32f4xx_hal.o
    0x20000024   0x080047ec   0x00000004   PAD
    0x20000028        -       0x00000004   Zero   RW           61    .bss.EncoderHandler  main.o
    0x2000002c        -       0x00000001   Zero   RW           43    .bss.FREQ_START     main.o
    0x2000002d   0x080047ec   0x00000003   PAD
    0x20000030        -       0x00004e20   Zero   RW           41    .bss.FREQ_UART_BUFFER  main.o
    0x20004e50        -       0x00000001   Zero   RW           48    .bss.FREQ_UART_Rx   main.o
    0x20004e51   0x080047ec   0x00000001   PAD
    0x20004e52        -       0x00000bb8   Zero   RW           63    .bss.FREQ_queue     main.o
    0x20005a0a        -       0x00000001   Zero   RW           49    .bss.FREQ_uart_received  main.o
    0x20005a0b        -       0x00000322   Zero   RW           70    .bss.UART_DMA_TxBuf  main.o
    0x20005d2d        -       0x00000007   Zero   RW           67    .bss.UART_DMA_TxCommand  main.o
    0x20005d34        -       0x00000002   Zero   RW          179    .bss.arr            stm32f4xx_it.o
    0x20005d36        -       0x00000001   Zero   RW           71    .bss.calculated_check  main.o
    0x20005d37   0x080047ec   0x00000001   PAD
    0x20005d38        -       0x00000002   Zero   RW           60    .bss.checkError     main.o
    0x20005d3a   0x080047ec   0x00000002   PAD
    0x20005d3c        -       0x00000004   Zero   RW           45    .bss.command_transmit_error_num  main.o
    0x20005d40        -       0x00000002   Zero   RW          188    .bss.count          stm32f4xx_it.o
    0x20005d42        -       0x00000002   Zero   RW           68    .bss.crc            main.o
    0x20005d44        -       0x00000004   Zero   RW           46    .bss.data_transmit_error_num  main.o
    0x20005d48        -       0x00000004   Zero   RW          185    .bss.error_position  stm32f4xx_it.o
    0x20005d4c        -       0x00000002   Zero   RW          186    .bss.freq_buf_pt    stm32f4xx_it.o
    0x20005d4e        -       0x00000002   Zero   RW           64    .bss.freq_loc       main.o
    0x20005d50        -       0x00000004   Zero   RW           47    .bss.freq_queue_overrun_count  main.o
    0x20005d54        -       0x00000002   Zero   RW          174    .bss.freq_queue_pt  stm32f4xx_it.o
    0x20005d56        -       0x00000002   Zero   RW           62    .bss.freq_queue_pt_local  main.o
    0x20005d58        -       0x00000060   Zero   RW          130    .bss.hdma_usart1_rx  usart.o
    0x20005db8        -       0x00000060   Zero   RW          131    .bss.hdma_usart2_tx  usart.o
    0x20005e18        -       0x00000048   Zero   RW          110    .bss.htim3          tim.o
    0x20005e60        -       0x00000048   Zero   RW          111    .bss.htim6          tim.o
    0x20005ea8        -       0x00000044   Zero   RW          128    .bss.huart1         usart.o
    0x20005eec        -       0x00000044   Zero   RW          129    .bss.huart2         usart.o
    0x20005f30        -       0x00000004   Zero   RW           51    .bss.intPos         main.o
    0x20005f34        -       0x00000004   Zero   RW           54    .bss.intPosCurrent  main.o
    0x20005f38        -       0x00000004   Zero   RW           52    .bss.intPosDelta    main.o
    0x20005f3c        -       0x00000004   Zero   RW          183    .bss.intPosGoal     stm32f4xx_it.o
    0x20005f40        -       0x00000004   Zero   RW          187    .bss.intPosGoal_32  stm32f4xx_it.o
    0x20005f44        -       0x00000004   Zero   RW           53    .bss.intPosPrev     main.o
    0x20005f48        -       0x00000004   Zero   RW          184    .bss.last_intPosGoal  stm32f4xx_it.o
    0x20005f4c        -       0x00000002   Zero   RW           65    .bss.num_loc        main.o
    0x20005f4e        -       0x00000006   Zero   RW           57    .bss.pack           main.o
    0x20005f54        -       0x00000002   Zero   RW          190    .bss.period         stm32f4xx_it.o
    0x20005f56        -       0x00000002   Zero   RW           66    .bss.pt_loc         main.o
    0x20005f58        -       0x00000001   Zero   RW           58    .bss.rec_count      main.o
    0x20005f59        -       0x00000001   Zero   RW           56    .bss.ring_buf_first  main.o
    0x20005f5a        -       0x00000001   Zero   RW           59    .bss.state          main.o
    0x20005f5b        -       0x00000001   Zero   RW           69    .bss.status_check   main.o
    0x20005f5c        -       0x00000001   Zero   RW           40    .bss.test_command   main.o
    0x20005f5d   0x080047ec   0x00000003   PAD
    0x20005f60        -       0x00000004   Zero   RW           50    .bss.total_pack_num  main.o
    0x20005f64        -       0x00000004   Zero   RW          182    .bss.total_packet_num  stm32f4xx_it.o
    0x20005f68        -       0x00000004   Zero   RW          181    .bss.total_pulse    stm32f4xx_it.o
    0x20005f6c        -       0x00000004   Zero   RW          943    .bss.uwTick         stm32f4xx_hal.o
    0x20005f70        -       0x0000ae00   Zero   RW            1    STACK               startup_stm32f407xx.o


==============================================================================

Image component sizes


      Code (inc. data)   RO Data    RW Data    ZI Data      Debug   Object Name

       138          0          0          0          0       1501   binary_support.o
       114          0          0          0          0       3294   dma.o
       416          0          0          0          0       2217   gpio.o
      1786          0          0          1      23872       6370   main.o
        36          8        392          0      44544        828   startup_stm32f407xx.o
       210          0          0          5          4       7097   stm32f4xx_hal.o
       482          0          0          0          0       9412   stm32f4xx_hal_cortex.o
      1764          8          8          0          0       8439   stm32f4xx_hal_dma.o
       996          0          0          0          0       5081   stm32f4xx_hal_gpio.o
        82          0          0          0          0       1462   stm32f4xx_hal_msp.o
      2646          0          0          0          0       7563   stm32f4xx_hal_rcc.o
      1456          0          0          0          0      35768   stm32f4xx_hal_tim.o
       290          0          0          0          0      15241   stm32f4xx_hal_tim_ex.o
      1936          0          0          0          0      20014   stm32f4xx_hal_uart.o
      2026         16          8         15         34       4718   stm32f4xx_it.o
        18          0         24          4          0       2509   system_stm32f4xx.o
       760          0          0          0        144       8169   tim.o
       612          0          0          0        328       7108   usart.o

    ----------------------------------------------------------------------
     15848         32        464         32      68940     146791   Object Totals
         0          0         32          0          0          0   (incl. Generated)
        80          0          0          7         14          0   (incl. Padding)

    ----------------------------------------------------------------------

      Code (inc. data)   RO Data    RW Data    ZI Data      Debug   Library Member Name

        38          0          0          0          0        116   fpclassifyf.o
        38         12          0          0          0        348   funder.o
       340         24         32          0          0        160   rredf.o
       400         56          0          0          0        212   sinf.o
         0          0          0          0          0          0   entry.o
         0          0          0          0          0          0   entry10a.o
         0          0          0          0          0          0   entry11a.o
         8          4          0          0          0          0   entry2.o
         4          0          0          0          0          0   entry5.o
         0          0          0          0          0          0   entry7b.o
         0          0          0          0          0          0   entry8b.o
         8          4          0          0          0          0   entry9a.o
        12          6          0          4          0         68   errno.o
        30          0          0          0          0          0   handlers.o
        36          8          0          0          0         68   init.o
         0          0          0          0          0          0   iusefp.o
        30          0          0          0          0         68   llshl.o
        32          0          0          0          0         68   llushr.o
        36          0          0          0          0         68   memcpya.o
        36          0          0          0          0        108   memseta.o
        98          0          0          0          0         92   uldiv.o
        56          0          0          0          0         88   d2f.o
       222          0          0          0          0        100   ddiv.o
       186          0          0          0          0        176   depilogue.o
        34          0          0          0          0         76   dflti.o
       228          0          0          0          0         96   dmul.o
        38          0          0          0          0         68   f2d.o
       110          0          0          0          0        168   fepilogue.o

    ----------------------------------------------------------------------
      2028        114         32          4          0       2148   Library Totals
         8          0          0          0          0          0   (incl. Padding)

    ----------------------------------------------------------------------

      Code (inc. data)   RO Data    RW Data    ZI Data      Debug   Library Name

       816         92         32          0          0        836   m_wm.l
       330         22          0          4          0        540   mc_w.l
       874          0          0          0          0        772   mf_w.l

    ----------------------------------------------------------------------
      2028        114         32          4          0       2148   Library Totals

    ----------------------------------------------------------------------

==============================================================================


      Code (inc. data)   RO Data    RW Data    ZI Data      Debug   

     17876        146        496         36      68940     147751   Grand Totals
     17876        146        496         36      68940     147751   ELF Image Totals
     17876        146        496         36          0          0   ROM Totals

==============================================================================

    Total RO  Size (Code + RO Data)                18372 (  17.94kB)
    Total RW  Size (RW Data + ZI Data)             68976 (  67.36kB)
    Total ROM Size (Code + RO Data + RW Data)      18408 (  17.98kB)

==============================================================================

